{smcl}
{com}{sf}{ul off}{txt}{.-}
      name:  {res}<unnamed>
       {txt}log:  {res}C:\Users\baylis.UOFI\Dropbox\Guyu\Fungicide\residue_ttest.smcl
  {txt}log type:  {res}smcl
 {txt}opened on:  {res} 2 Feb 2016, 12:45:06

{com}. ttest walnuts, by(herb)

{txt}Two-sample t test with equal variances
{hline 9}{c TT}{hline 68}
   Group{col 10}{c |}{col 16}Obs{col 27}Mean{col 35}Std. Err.{col 47}Std. Dev.{col 59}[95% Conf. Interval]
{hline 9}{c +}{hline 68}
       0 {c |}{res}{col 12}    519{col 22} 8621.965{col 34} 4422.026{col 46} 100740.7{col 58}-65.34389{col 70} 17309.27
       {txt}1 {c |}{res}{col 12}     82{col 22} 571170.7{col 34} 218660.9{col 46}  1980058{col 58} 136104.2{col 70}  1006237
{txt}{hline 9}{c +}{hline 68}
combined {c |}{res}{col 12}    601{col 22} 85375.71{col 34} 30941.83{col 46} 758548.3{col 58} 24608.25{col 70} 146143.2
{txt}{hline 9}{c +}{hline 68}
    diff {c |}{res}{col 22}-562548.8{col 34} 87240.65{col 58}-733883.5{col 70}  -391214
{txt}{hline 9}{c BT}{hline 68}
    diff = mean({res}0{txt}) - mean({res}1{txt})                                      t = {res} -6.4482
{txt}Ho: diff = 0                                     degrees of freedom = {res}     599

    {txt}Ha: diff < 0                 Ha: diff != 0                 Ha: diff > 0
 Pr(T < t) = {res}0.0000         {txt}Pr(|T| > |t|) = {res}0.0000          {txt}Pr(T > t) = {res}1.0000

{com}. ttest watermelon, by(herb)

{txt}Two-sample t test with equal variances
{hline 9}{c TT}{hline 68}
   Group{col 10}{c |}{col 16}Obs{col 27}Mean{col 35}Std. Err.{col 47}Std. Dev.{col 59}[95% Conf. Interval]
{hline 9}{c +}{hline 68}
       0 {c |}{res}{col 12}    519{col 22} 95226.59{col 34} 64372.26{col 46}  1466501{col 58}-31236.21{col 70} 221689.4
       {txt}1 {c |}{res}{col 12}     82{col 22} 8462.195{col 34} 8031.157{col 46} 72725.22{col 58}-7517.288{col 70} 24441.68
{txt}{hline 9}{c +}{hline 68}
combined {c |}{res}{col 12}    601{col 22} 83388.52{col 34} 55606.02{col 46}  1363198{col 58}-25817.57{col 70} 192594.6
{txt}{hline 9}{c +}{hline 68}
    diff {c |}{res}{col 22} 86764.39{col 34} 162092.9{col 58}-231575.1{col 70} 405103.9
{txt}{hline 9}{c BT}{hline 68}
    diff = mean({res}0{txt}) - mean({res}1{txt})                                      t = {res}  0.5353
{txt}Ho: diff = 0                                     degrees of freedom = {res}     599

    {txt}Ha: diff < 0                 Ha: diff != 0                 Ha: diff > 0
 Pr(T < t) = {res}0.7037         {txt}Pr(|T| > |t|) = {res}0.5927          {txt}Pr(T > t) = {res}0.2963

{com}. ttest pecans, by(herb)

{txt}Two-sample t test with equal variances
{hline 9}{c TT}{hline 68}
   Group{col 10}{c |}{col 16}Obs{col 27}Mean{col 35}Std. Err.{col 47}Std. Dev.{col 59}[95% Conf. Interval]
{hline 9}{c +}{hline 68}
       0 {c |}{res}{col 12}    519{col 22} 11375.72{col 34} 3733.721{col 46} 85060.04{col 58} 4040.625{col 70} 18710.82
       {txt}1 {c |}{res}{col 12}     82{col 22} 349869.5{col 34} 282681.2{col 46}  2559787{col 58}-212577.4{col 70} 912316.4
{txt}{hline 9}{c +}{hline 68}
combined {c |}{res}{col 12}    601{col 22} 57559.57{col 34} 38791.17{col 46} 950977.2{col 58} -18623.4{col 70} 133742.5
{txt}{hline 9}{c +}{hline 68}
    diff {c |}{res}{col 22}-338493.8{col 34} 112255.5{col 58}-558955.9{col 70}-118031.7
{txt}{hline 9}{c BT}{hline 68}
    diff = mean({res}0{txt}) - mean({res}1{txt})                                      t = {res} -3.0154
{txt}Ho: diff = 0                                     degrees of freedom = {res}     599

    {txt}Ha: diff < 0                 Ha: diff != 0                 Ha: diff > 0
 Pr(T < t) = {res}0.0013         {txt}Pr(|T| > |t|) = {res}0.0027          {txt}Pr(T > t) = {res}0.9987

{com}. ttest apples, by(herb)

{txt}Two-sample t test with equal variances
{hline 9}{c TT}{hline 68}
   Group{col 10}{c |}{col 16}Obs{col 27}Mean{col 35}Std. Err.{col 47}Std. Dev.{col 59}[95% Conf. Interval]
{hline 9}{c +}{hline 68}
       0 {c |}{res}{col 12}    519{col 22}  28060.4{col 34} 9155.264{col 46} 208571.3{col 58} 10074.39{col 70} 46046.42
       {txt}1 {c |}{res}{col 12}     82{col 22} 69947.56{col 34} 61388.95{col 46} 555900.6{col 58}-52197.19{col 70} 192092.3
{txt}{hline 9}{c +}{hline 68}
combined {c |}{res}{col 12}    601{col 22} 33775.46{col 34}    11500{col 46} 281925.9{col 58} 11190.32{col 70}  56360.6
{txt}{hline 9}{c +}{hline 68}
    diff {c |}{res}{col 22}-41887.16{col 34} 33487.09{col 58}-107653.5{col 70} 23879.22
{txt}{hline 9}{c BT}{hline 68}
    diff = mean({res}0{txt}) - mean({res}1{txt})                                      t = {res} -1.2508
{txt}Ho: diff = 0                                     degrees of freedom = {res}     599

    {txt}Ha: diff < 0                 Ha: diff != 0                 Ha: diff > 0
 Pr(T < t) = {res}0.1057         {txt}Pr(|T| > |t|) = {res}0.2115          {txt}Pr(T > t) = {res}0.8943

{com}. ttest cranberries, by(herb)

{txt}Two-sample t test with equal variances
{hline 9}{c TT}{hline 68}
   Group{col 10}{c |}{col 16}Obs{col 27}Mean{col 35}Std. Err.{col 47}Std. Dev.{col 59}[95% Conf. Interval]
{hline 9}{c +}{hline 68}
       0 {c |}{res}{col 12}    519{col 22} 30348.55{col 34} 21615.89{col 46} 492443.9{col 58}-12117.03{col 70} 72814.14
       {txt}1 {c |}{res}{col 12}     82{col 22}  19393.9{col 34} 19327.27{col 46} 175015.9{col 58}-19061.31{col 70} 57849.11
{txt}{hline 9}{c +}{hline 68}
combined {c |}{res}{col 12}    601{col 22} 28853.91{col 34} 18848.22{col 46} 462069.8{col 58}-8162.593{col 70} 65870.41
{txt}{hline 9}{c +}{hline 68}
    diff {c |}{res}{col 22} 10954.65{col 34} 54954.34{col 58}-96971.96{col 70} 118881.3
{txt}{hline 9}{c BT}{hline 68}
    diff = mean({res}0{txt}) - mean({res}1{txt})                                      t = {res}  0.1993
{txt}Ho: diff = 0                                     degrees of freedom = {res}     599

    {txt}Ha: diff < 0                 Ha: diff != 0                 Ha: diff > 0
 Pr(T < t) = {res}0.5790         {txt}Pr(|T| > |t|) = {res}0.8421          {txt}Pr(T > t) = {res}0.4210

{com}. ttest blueberries, by(herb)

{txt}Two-sample t test with equal variances
{hline 9}{c TT}{hline 68}
   Group{col 10}{c |}{col 16}Obs{col 27}Mean{col 35}Std. Err.{col 47}Std. Dev.{col 59}[95% Conf. Interval]
{hline 9}{c +}{hline 68}
       0 {c |}{res}{col 12}    519{col 22} 32731.66{col 34} 17112.23{col 46} 389843.6{col 58}-886.2476{col 70} 66349.57
       {txt}1 {c |}{res}{col 12}     82{col 22} 2710.976{col 34}  1965.65{col 46} 17799.72{col 58}-1200.051{col 70} 6622.002
{txt}{hline 9}{c +}{hline 68}
combined {c |}{res}{col 12}    601{col 22} 28635.66{col 34}  14783.9{col 46} 362431.8{col 58}-398.8219{col 70} 57670.15
{txt}{hline 9}{c +}{hline 68}
    diff {c |}{res}{col 22} 30020.69{col 34} 43088.29{col 58}-54601.79{col 70} 114643.2
{txt}{hline 9}{c BT}{hline 68}
    diff = mean({res}0{txt}) - mean({res}1{txt})                                      t = {res}  0.6967
{txt}Ho: diff = 0                                     degrees of freedom = {res}     599

    {txt}Ha: diff < 0                 Ha: diff != 0                 Ha: diff > 0
 Pr(T < t) = {res}0.7569         {txt}Pr(|T| > |t|) = {res}0.4862          {txt}Pr(T > t) = {res}0.2431

{com}. ttest grape, by(herb)

{txt}Two-sample t test with equal variances
{hline 9}{c TT}{hline 68}
   Group{col 10}{c |}{col 16}Obs{col 27}Mean{col 35}Std. Err.{col 47}Std. Dev.{col 59}[95% Conf. Interval]
{hline 9}{c +}{hline 68}
       0 {c |}{res}{col 12}    519{col 22} 21893.06{col 34} 14650.29{col 46} 333756.7{col 58}-6888.232{col 70} 50674.36
       {txt}1 {c |}{res}{col 12}     82{col 22} 19119.51{col 34} 7949.606{col 46} 71986.74{col 58}  3302.29{col 70} 34936.73
{txt}{hline 9}{c +}{hline 68}
combined {c |}{res}{col 12}    601{col 22} 21514.64{col 34} 12695.74{col 46} 311239.9{col 58}-3418.844{col 70} 46448.13
{txt}{hline 9}{c +}{hline 68}
    diff {c |}{res}{col 22} 2773.551{col 34} 37017.07{col 58}-69925.46{col 70} 75472.56
{txt}{hline 9}{c BT}{hline 68}
    diff = mean({res}0{txt}) - mean({res}1{txt})                                      t = {res}  0.0749
{txt}Ho: diff = 0                                     degrees of freedom = {res}     599

    {txt}Ha: diff < 0                 Ha: diff != 0                 Ha: diff > 0
 Pr(T < t) = {res}0.5299         {txt}Pr(|T| > |t|) = {res}0.9403          {txt}Pr(T > t) = {res}0.4701

{com}. ttest plumt, by(herb)

{txt}Two-sample t test with equal variances
{hline 9}{c TT}{hline 68}
   Group{col 10}{c |}{col 16}Obs{col 27}Mean{col 35}Std. Err.{col 47}Std. Dev.{col 59}[95% Conf. Interval]
{hline 9}{c +}{hline 68}
       0 {c |}{res}{col 12}    518{col 22} 710.6178{col 34} 469.9391{col 46} 10695.63{col 58}-212.6072{col 70} 1633.843
       {txt}1 {c |}{res}{col 12}     82{col 22} 99976.83{col 34}  35615.7{col 46} 322513.9{col 58} 29112.76{col 70} 170840.9
{txt}{hline 9}{c +}{hline 68}
combined {c |}{res}{col 12}    600{col 22}    14277{col 34} 5054.504{col 46} 123809.6{col 58} 4350.296{col 70}  24203.7
{txt}{hline 9}{c +}{hline 68}
    diff {c |}{res}{col 22}-99266.21{col 34} 14156.74{col 58}-127069.2{col 70}-71463.25
{txt}{hline 9}{c BT}{hline 68}
    diff = mean({res}0{txt}) - mean({res}1{txt})                                      t = {res} -7.0119
{txt}Ho: diff = 0                                     degrees of freedom = {res}     598

    {txt}Ha: diff < 0                 Ha: diff != 0                 Ha: diff > 0
 Pr(T < t) = {res}0.0000         {txt}Pr(|T| > |t|) = {res}0.0000          {txt}Pr(T > t) = {res}1.0000

{com}. ttest peas, by(herb)

{txt}Two-sample t test with equal variances
{hline 9}{c TT}{hline 68}
   Group{col 10}{c |}{col 16}Obs{col 27}Mean{col 35}Std. Err.{col 47}Std. Dev.{col 59}[95% Conf. Interval]
{hline 9}{c +}{hline 68}
       0 {c |}{res}{col 12}    519{col 22} 13744.51{col 34} 4578.118{col 46} 104296.7{col 58} 4750.547{col 70} 22738.47
       {txt}1 {c |}{res}{col 12}     82{col 22} 4510.976{col 34} 3755.305{col 46} 34005.73{col 58}-2960.903{col 70} 11982.85
{txt}{hline 9}{c +}{hline 68}
combined {c |}{res}{col 12}    601{col 22} 12484.69{col 34} 3987.783{col 46} 97761.69{col 58} 4652.984{col 70}  20316.4
{txt}{hline 9}{c +}{hline 68}
    diff {c |}{res}{col 22} 9233.533{col 34} 11621.14{col 58} -13589.6{col 70} 32056.67
{txt}{hline 9}{c BT}{hline 68}
    diff = mean({res}0{txt}) - mean({res}1{txt})                                      t = {res}  0.7945
{txt}Ho: diff = 0                                     degrees of freedom = {res}     599

    {txt}Ha: diff < 0                 Ha: diff != 0                 Ha: diff > 0
 Pr(T < t) = {res}0.7864         {txt}Pr(|T| > |t|) = {res}0.4272          {txt}Pr(T > t) = {res}0.2136

{com}. ttest potatoes, by(herb)

{txt}Two-sample t test with equal variances
{hline 9}{c TT}{hline 68}
   Group{col 10}{c |}{col 16}Obs{col 27}Mean{col 35}Std. Err.{col 47}Std. Dev.{col 59}[95% Conf. Interval]
{hline 9}{c +}{hline 68}
       0 {c |}{res}{col 12}    519{col 22} 9777.264{col 34} 3348.238{col 46} 76278.13{col 58} 3199.468{col 70} 16355.06
       {txt}1 {c |}{res}{col 12}     82{col 22} 19679.27{col 34} 18564.93{col 46} 168112.6{col 58}-17259.13{col 70} 56617.66
{txt}{hline 9}{c +}{hline 68}
combined {c |}{res}{col 12}    601{col 22} 11128.29{col 34} 3837.398{col 46} 94074.97{col 58} 3591.922{col 70} 18664.65
{txt}{hline 9}{c +}{hline 68}
    diff {c |}{res}{col 22}-9902.004{col 34} 11181.47{col 58}-31861.65{col 70} 12057.64
{txt}{hline 9}{c BT}{hline 68}
    diff = mean({res}0{txt}) - mean({res}1{txt})                                      t = {res} -0.8856
{txt}Ho: diff = 0                                     degrees of freedom = {res}     599

    {txt}Ha: diff < 0                 Ha: diff != 0                 Ha: diff > 0
 Pr(T < t) = {res}0.1881         {txt}Pr(|T| > |t|) = {res}0.3762          {txt}Pr(T > t) = {res}0.8119

{com}. ttest cherries, by(herb)

{txt}Two-sample t test with equal variances
{hline 9}{c TT}{hline 68}
   Group{col 10}{c |}{col 16}Obs{col 27}Mean{col 35}Std. Err.{col 47}Std. Dev.{col 59}[95% Conf. Interval]
{hline 9}{c +}{hline 68}
       0 {c |}{res}{col 12}    519{col 22} 11706.07{col 34}   6220.5{col 46} 141712.8{col 58}-514.4402{col 70} 23926.58
       {txt}1 {c |}{res}{col 12}     82{col 22} 5378.049{col 34} 3491.941{col 46} 31620.87{col 58}-1569.819{col 70} 12325.92
{txt}{hline 9}{c +}{hline 68}
combined {c |}{res}{col 12}    601{col 22} 10842.68{col 34} 5392.669{col 46} 132202.9{col 58} 251.8779{col 70} 21433.48
{txt}{hline 9}{c +}{hline 68}
    diff {c |}{res}{col 22} 6328.021{col 34}  15721.4{col 58}-24547.74{col 70} 37203.78
{txt}{hline 9}{c BT}{hline 68}
    diff = mean({res}0{txt}) - mean({res}1{txt})                                      t = {res}  0.4025
{txt}Ho: diff = 0                                     degrees of freedom = {res}     599

    {txt}Ha: diff < 0                 Ha: diff != 0                 Ha: diff > 0
 Pr(T < t) = {res}0.6563         {txt}Pr(|T| > |t|) = {res}0.6875          {txt}Pr(T > t) = {res}0.3437

{com}. ttest cabbage, by(herb)

{txt}Two-sample t test with equal variances
{hline 9}{c TT}{hline 68}
   Group{col 10}{c |}{col 16}Obs{col 27}Mean{col 35}Std. Err.{col 47}Std. Dev.{col 59}[95% Conf. Interval]
{hline 9}{c +}{hline 68}
       0 {c |}{res}{col 12}    519{col 22}  6561.85{col 34} 3081.107{col 46} 70192.46{col 58}  508.848{col 70} 12614.85
       {txt}1 {c |}{res}{col 12}     82{col 22} 768.2927{col 34} 651.6624{col 46} 5901.054{col 58}-528.3111{col 70} 2064.896
{txt}{hline 9}{c +}{hline 68}
combined {c |}{res}{col 12}    601{col 22} 5771.381{col 34}  2663.08{col 46} 65286.21{col 58} 541.2896{col 70} 11001.47
{txt}{hline 9}{c +}{hline 68}
    diff {c |}{res}{col 22} 5793.557{col 34} 7761.192{col 58}-9448.898{col 70} 21036.01
{txt}{hline 9}{c BT}{hline 68}
    diff = mean({res}0{txt}) - mean({res}1{txt})                                      t = {res}  0.7465
{txt}Ho: diff = 0                                     degrees of freedom = {res}     599

    {txt}Ha: diff < 0                 Ha: diff != 0                 Ha: diff > 0
 Pr(T < t) = {res}0.7722         {txt}Pr(|T| > |t|) = {res}0.4557          {txt}Pr(T > t) = {res}0.2278

{com}. ttest cucumbers, by(herb)

{txt}Two-sample t test with equal variances
{hline 9}{c TT}{hline 68}
   Group{col 10}{c |}{col 16}Obs{col 27}Mean{col 35}Std. Err.{col 47}Std. Dev.{col 59}[95% Conf. Interval]
{hline 9}{c +}{hline 68}
       0 {c |}{res}{col 12}    519{col 22} 6392.468{col 34} 3647.892{col 46} 83104.72{col 58}-774.0148{col 70} 13558.95
       {txt}1 {c |}{res}{col 12}     82{col 22}  252.439{col 34}  252.439{col 46} 2285.933{col 58}-249.8354{col 70} 754.7135
{txt}{hline 9}{c +}{hline 68}
combined {c |}{res}{col 12}    601{col 22} 5554.727{col 34} 3151.123{col 46} 77250.73{col 58}-633.8448{col 70}  11743.3
{txt}{hline 9}{c +}{hline 68}
    diff {c |}{res}{col 22} 6140.028{col 34} 9184.372{col 58}-11897.46{col 70} 24177.51
{txt}{hline 9}{c BT}{hline 68}
    diff = mean({res}0{txt}) - mean({res}1{txt})                                      t = {res}  0.6685
{txt}Ho: diff = 0                                     degrees of freedom = {res}     599

    {txt}Ha: diff < 0                 Ha: diff != 0                 Ha: diff > 0
 Pr(T < t) = {res}0.7480         {txt}Pr(|T| > |t|) = {res}0.5041          {txt}Pr(T > t) = {res}0.2520

{com}. ttest tomatoes, by(herb)

{txt}Two-sample t test with equal variances
{hline 9}{c TT}{hline 68}
   Group{col 10}{c |}{col 16}Obs{col 27}Mean{col 35}Std. Err.{col 47}Std. Dev.{col 59}[95% Conf. Interval]
{hline 9}{c +}{hline 68}
       0 {c |}{res}{col 12}    519{col 22} 1113.295{col 34} 366.9592{col 46} 8359.908{col 58} 392.3835{col 70} 1834.206
       {txt}1 {c |}{res}{col 12}     82{col 22} 31374.39{col 34} 18846.29{col 46} 170660.4{col 58}-6123.815{col 70}  68872.6
{txt}{hline 9}{c +}{hline 68}
combined {c |}{res}{col 12}    601{col 22} 5242.097{col 34} 2611.979{col 46} 64033.45{col 58} 112.3638{col 70} 10371.83
{txt}{hline 9}{c +}{hline 68}
    diff {c |}{res}{col 22} -30261.1{col 34} 7514.766{col 58}-45019.59{col 70} -15502.6
{txt}{hline 9}{c BT}{hline 68}
    diff = mean({res}0{txt}) - mean({res}1{txt})                                      t = {res} -4.0269
{txt}Ho: diff = 0                                     degrees of freedom = {res}     599

    {txt}Ha: diff < 0                 Ha: diff != 0                 Ha: diff > 0
 Pr(T < t) = {res}0.0000         {txt}Pr(|T| > |t|) = {res}0.0001          {txt}Pr(T > t) = {res}1.0000

{com}. ttest tobacco, by(herb)

{txt}Two-sample t test with equal variances
{hline 9}{c TT}{hline 68}
   Group{col 10}{c |}{col 16}Obs{col 27}Mean{col 35}Std. Err.{col 47}Std. Dev.{col 59}[95% Conf. Interval]
{hline 9}{c +}{hline 68}
       0 {c |}{res}{col 12}    519{col 22} 4264.162{col 34} 2262.874{col 46} 51551.84{col 58}-181.3776{col 70} 8709.701
       {txt}1 {c |}{res}{col 12}     82{col 22} 153.6585{col 34} 93.44997{col 46} 846.2255{col 58}-32.27759{col 70} 339.5947
{txt}{hline 9}{c +}{hline 68}
combined {c |}{res}{col 12}    601{col 22} 3703.328{col 34} 1954.762{col 46} 47921.59{col 58}-135.6799{col 70} 7542.335
{txt}{hline 9}{c +}{hline 68}
    diff {c |}{res}{col 22} 4110.503{col 34} 5697.068{col 58}-7078.152{col 70} 15299.16
{txt}{hline 9}{c BT}{hline 68}
    diff = mean({res}0{txt}) - mean({res}1{txt})                                      t = {res}  0.7215
{txt}Ho: diff = 0                                     degrees of freedom = {res}     599

    {txt}Ha: diff < 0                 Ha: diff != 0                 Ha: diff > 0
 Pr(T < t) = {res}0.7646         {txt}Pr(|T| > |t|) = {res}0.4709          {txt}Pr(T > t) = {res}0.2354

{com}. ttest pumpkin, by(herb)

{txt}Two-sample t test with equal variances
{hline 9}{c TT}{hline 68}
   Group{col 10}{c |}{col 16}Obs{col 27}Mean{col 35}Std. Err.{col 47}Std. Dev.{col 59}[95% Conf. Interval]
{hline 9}{c +}{hline 68}
       0 {c |}{res}{col 12}    519{col 22} 3461.272{col 34} 1949.892{col 46}  44421.6{col 58}-369.3963{col 70}  7291.94
       {txt}1 {c |}{res}{col 12}     82{col 22}  1251.22{col 34} 890.9786{col 46} 8068.155{col 58}-521.5485{col 70} 3023.988
{txt}{hline 9}{c +}{hline 68}
combined {c |}{res}{col 12}    601{col 22} 3159.734{col 34} 1688.249{col 46} 41387.94{col 58}-155.8619{col 70} 6475.329
{txt}{hline 9}{c +}{hline 68}
    diff {c |}{res}{col 22} 2210.052{col 34} 4921.636{col 58}-7455.708{col 70} 11875.81
{txt}{hline 9}{c BT}{hline 68}
    diff = mean({res}0{txt}) - mean({res}1{txt})                                      t = {res}  0.4490
{txt}Ho: diff = 0                                     degrees of freedom = {res}     599

    {txt}Ha: diff < 0                 Ha: diff != 0                 Ha: diff > 0
 Pr(T < t) = {res}0.6732         {txt}Pr(|T| > |t|) = {res}0.6536          {txt}Pr(T > t) = {res}0.3268

{com}. ttest strawberries, by(herb)

{txt}Two-sample t test with equal variances
{hline 9}{c TT}{hline 68}
   Group{col 10}{c |}{col 16}Obs{col 27}Mean{col 35}Std. Err.{col 47}Std. Dev.{col 59}[95% Conf. Interval]
{hline 9}{c +}{hline 68}
       0 {c |}{res}{col 12}    519{col 22} 3542.775{col 34} 2068.124{col 46}  47115.1{col 58}-520.1662{col 70} 7605.715
       {txt}1 {c |}{res}{col 12}     82{col 22} 296.3415{col 34} 188.0937{col 46} 1703.261{col 58}-77.90599{col 70} 670.5889
{txt}{hline 9}{c +}{hline 68}
combined {c |}{res}{col 12}    601{col 22} 3099.834{col 34} 1786.477{col 46} 43796.02{col 58}-408.6741{col 70} 6608.341
{txt}{hline 9}{c +}{hline 68}
    diff {c |}{res}{col 22} 3246.433{col 34}  5207.18{col 58}-6980.116{col 70} 13472.98
{txt}{hline 9}{c BT}{hline 68}
    diff = mean({res}0{txt}) - mean({res}1{txt})                                      t = {res}  0.6235
{txt}Ho: diff = 0                                     degrees of freedom = {res}     599

    {txt}Ha: diff < 0                 Ha: diff != 0                 Ha: diff > 0
 Pr(T < t) = {res}0.7334         {txt}Pr(|T| > |t|) = {res}0.5332          {txt}Pr(T > t) = {res}0.2666

{com}. ttest squash, by(herb)

{txt}Two-sample t test with equal variances
{hline 9}{c TT}{hline 68}
   Group{col 10}{c |}{col 16}Obs{col 27}Mean{col 35}Std. Err.{col 47}Std. Dev.{col 59}[95% Conf. Interval]
{hline 9}{c +}{hline 68}
       0 {c |}{res}{col 12}    519{col 22} 3084.175{col 34} 1509.504{col 46} 34388.87{col 58} 118.6727{col 70} 6049.677
       {txt}1 {c |}{res}{col 12}     82{col 22} 1404.878{col 34} 937.9658{col 46} 8493.642{col 58}-461.3797{col 70} 3271.136
{txt}{hline 9}{c +}{hline 68}
combined {c |}{res}{col 12}    601{col 22} 2855.053{col 34}  1309.79{col 46} 32109.89{col 58} 282.7231{col 70} 5427.383
{txt}{hline 9}{c +}{hline 68}
    diff {c |}{res}{col 22} 1679.297{col 34} 3818.366{col 58}-5819.716{col 70} 9178.309
{txt}{hline 9}{c BT}{hline 68}
    diff = mean({res}0{txt}) - mean({res}1{txt})                                      t = {res}  0.4398
{txt}Ho: diff = 0                                     degrees of freedom = {res}     599

    {txt}Ha: diff < 0                 Ha: diff != 0                 Ha: diff > 0
 Pr(T < t) = {res}0.6699         {txt}Pr(|T| > |t|) = {res}0.6602          {txt}Pr(T > t) = {res}0.3301

{com}. ttest peaches, by(herb)

{txt}Two-sample t test with equal variances
{hline 9}{c TT}{hline 68}
   Group{col 10}{c |}{col 16}Obs{col 27}Mean{col 35}Std. Err.{col 47}Std. Dev.{col 59}[95% Conf. Interval]
{hline 9}{c +}{hline 68}
       0 {c |}{res}{col 12}    519{col 22}  2677.65{col 34}  1214.13{col 46}  27659.8{col 58} 292.4255{col 70} 5062.875
       {txt}1 {c |}{res}{col 12}     82{col 22} 3029.268{col 34} 2813.275{col 46} 25475.29{col 58}-2568.266{col 70} 8626.803
{txt}{hline 9}{c +}{hline 68}
combined {c |}{res}{col 12}    601{col 22} 2725.625{col 34} 1115.713{col 46} 27352.04{col 58} 534.4479{col 70} 4916.802
{txt}{hline 9}{c +}{hline 68}
    diff {c |}{res}{col 22}-351.6179{col 34} 3253.076{col 58} -6740.44{col 70} 6037.204
{txt}{hline 9}{c BT}{hline 68}
    diff = mean({res}0{txt}) - mean({res}1{txt})                                      t = {res} -0.1081
{txt}Ho: diff = 0                                     degrees of freedom = {res}     599

    {txt}Ha: diff < 0                 Ha: diff != 0                 Ha: diff > 0
 Pr(T < t) = {res}0.4570         {txt}Pr(|T| > |t|) = {res}0.9140          {txt}Pr(T > t) = {res}0.5430

{com}. gen spec_crop= asparagus+peaches+lettuce+plumt+ peppers+ citrustot+ walnuts+ pistachios+ almonds+ cherries+ tomatoes+ onions+ apples+ pecans+ watermelons+ cabbage+ cantaloupes+ strawberries+ squash+ blueberries+ peas+ carrots+ tobacco+ nectarines+ radishes+ sweet_potatoes+ cucumbers+ caneberries+ pears+ garlic+ honeydew_melons+ broccoli+ apricots+ cauliflower+ celery+ eggplants+ gourds+ turnips+ cranberries+greens+potatoes
{txt}(656 missing values generated)

{com}. sum spec_crops if neonics~=.
{err}variable spec_crops not found
{txt}{search r(111):r(111);}

{com}. sum spec_crop if neonics~=.

{txt}    Variable {c |}       Obs        Mean    Std. Dev.       Min        Max
{hline 13}{c +}{hline 56}
{space 3}spec_crop {c |}{res}       600    718560.7     3188094          0   2.86e+07

{com}. ttest spec_crop, group(insect)
{err}option {bf:group()} not allowed
{txt}{search r(198):r(198);}

{com}. ttest spec_crop, by(insect)

{txt}Two-sample t test with equal variances
{hline 9}{c TT}{hline 68}
   Group{col 10}{c |}{col 16}Obs{col 27}Mean{col 35}Std. Err.{col 47}Std. Dev.{col 59}[95% Conf. Interval]
{hline 9}{c +}{hline 68}
       0 {c |}{res}{col 12}    386{col 22} 329908.8{col 34} 92972.87{col 46}  1826627{col 58} 147110.7{col 70} 512706.9
       {txt}1 {c |}{res}{col 12}    214{col 22}  1419587{col 34} 319057.8{col 46}  4667414{col 58} 790671.6{col 70}  2048502
{txt}{hline 9}{c +}{hline 68}
combined {c |}{res}{col 12}    600{col 22} 718560.7{col 34} 130153.4{col 46}  3188094{col 58} 462948.2{col 70} 974173.1
{txt}{hline 9}{c +}{hline 68}
    diff {c |}{res}{col 22} -1089678{col 34} 268261.8{col 58} -1616528{col 70}-562828.3
{txt}{hline 9}{c BT}{hline 68}
    diff = mean({res}0{txt}) - mean({res}1{txt})                                      t = {res} -4.0620
{txt}Ho: diff = 0                                     degrees of freedom = {res}     598

    {txt}Ha: diff < 0                 Ha: diff != 0                 Ha: diff > 0
 Pr(T < t) = {res}0.0000         {txt}Pr(|T| > |t|) = {res}0.0001          {txt}Pr(T > t) = {res}1.0000

{com}. ttest spec_crop, by(herb)

{txt}Two-sample t test with equal variances
{hline 9}{c TT}{hline 68}
   Group{col 10}{c |}{col 16}Obs{col 27}Mean{col 35}Std. Err.{col 47}Std. Dev.{col 59}[95% Conf. Interval]
{hline 9}{c +}{hline 68}
       0 {c |}{res}{col 12}    518{col 22} 396547.9{col 34} 89211.55{col 46}  2030420{col 58} 221286.1{col 70} 571809.6
       {txt}1 {c |}{res}{col 12}     82{col 22}  2752739{col 34}   732499{col 46}  6633061{col 58}  1295296{col 70}  4210182
{txt}{hline 9}{c +}{hline 68}
combined {c |}{res}{col 12}    600{col 22} 718560.7{col 34} 130153.4{col 46}  3188094{col 58} 462948.2{col 70} 974173.1
{txt}{hline 9}{c +}{hline 68}
    diff {c |}{res}{col 22} -2356191{col 34} 366781.3{col 58} -3076527{col 70} -1635855
{txt}{hline 9}{c BT}{hline 68}
    diff = mean({res}0{txt}) - mean({res}1{txt})                                      t = {res} -6.4240
{txt}Ho: diff = 0                                     degrees of freedom = {res}     598

    {txt}Ha: diff < 0                 Ha: diff != 0                 Ha: diff > 0
 Pr(T < t) = {res}0.0000         {txt}Pr(|T| > |t|) = {res}0.0000          {txt}Pr(T > t) = {res}1.0000

{com}. ttest almonds, by(fungi)

{txt}Two-sample t test with equal variances
{hline 9}{c TT}{hline 68}
   Group{col 10}{c |}{col 16}Obs{col 27}Mean{col 35}Std. Err.{col 47}Std. Dev.{col 59}[95% Conf. Interval]
{hline 9}{c +}{hline 68}
       0 {c |}{res}{col 12}    467{col 22} 48220.34{col 34} 27944.66{col 46} 603889.1{col 58}-6692.797{col 70} 103133.5
       {txt}1 {c |}{res}{col 12}    134{col 22} 710215.7{col 34}   254032{col 46}  2940633{col 58} 207750.2{col 70}  1212681
{txt}{hline 9}{c +}{hline 68}
combined {c |}{res}{col 12}    601{col 22}   195820{col 34} 61540.28{col 46}  1508679{col 58} 74959.43{col 70} 316680.5
{txt}{hline 9}{c +}{hline 68}
    diff {c |}{res}{col 22}-661995.3{col 34} 145480.9{col 58}-947709.9{col 70}-376280.8
{txt}{hline 9}{c BT}{hline 68}
    diff = mean({res}0{txt}) - mean({res}1{txt})                                      t = {res} -4.5504
{txt}Ho: diff = 0                                     degrees of freedom = {res}     599

    {txt}Ha: diff < 0                 Ha: diff != 0                 Ha: diff > 0
 Pr(T < t) = {res}0.0000         {txt}Pr(|T| > |t|) = {res}0.0000          {txt}Pr(T > t) = {res}1.0000

{com}. ttest spec_crop, by(fungi)

{txt}Two-sample t test with equal variances
{hline 9}{c TT}{hline 68}
   Group{col 10}{c |}{col 16}Obs{col 27}Mean{col 35}Std. Err.{col 47}Std. Dev.{col 59}[95% Conf. Interval]
{hline 9}{c +}{hline 68}
       0 {c |}{res}{col 12}    467{col 22} 352973.4{col 34} 98779.94{col 46}  2134652{col 58} 158864.2{col 70} 547082.7
       {txt}1 {c |}{res}{col 12}    133{col 22}  2002239{col 34} 458035.3{col 46}  5282321{col 58}  1096200{col 70}  2908278
{txt}{hline 9}{c +}{hline 68}
combined {c |}{res}{col 12}    600{col 22} 718560.7{col 34} 130153.4{col 46}  3188094{col 58} 462948.2{col 70} 974173.1
{txt}{hline 9}{c +}{hline 68}
    diff {c |}{res}{col 22} -1649266{col 34} 306268.8{col 58} -2250759{col 70} -1047772
{txt}{hline 9}{c BT}{hline 68}
    diff = mean({res}0{txt}) - mean({res}1{txt})                                      t = {res} -5.3850
{txt}Ho: diff = 0                                     degrees of freedom = {res}     598

    {txt}Ha: diff < 0                 Ha: diff != 0                 Ha: diff > 0
 Pr(T < t) = {res}0.0000         {txt}Pr(|T| > |t|) = {res}0.0000          {txt}Pr(T > t) = {res}1.0000

{com}. ttest citrustot, by(fungi)

{txt}Two-sample t test with equal variances
{hline 9}{c TT}{hline 68}
   Group{col 10}{c |}{col 16}Obs{col 27}Mean{col 35}Std. Err.{col 47}Std. Dev.{col 59}[95% Conf. Interval]
{hline 9}{c +}{hline 68}
       0 {c |}{res}{col 12}    467{col 22} 101017.8{col 34} 54732.69{col 46}  1182783{col 58} -6535.66{col 70} 208571.2
       {txt}1 {c |}{res}{col 12}    134{col 22} 155491.8{col 34} 138600.1{col 46}  1604412{col 58}-118653.8{col 70} 429637.4
{txt}{hline 9}{c +}{hline 68}
combined {c |}{res}{col 12}    601{col 22} 113163.4{col 34} 52518.18{col 46}  1287499{col 58} 10021.59{col 70} 216305.2
{txt}{hline 9}{c +}{hline 68}
    diff {c |}{res}{col 22}-54474.02{col 34} 126260.7{col 58}-302441.4{col 70} 193493.4
{txt}{hline 9}{c BT}{hline 68}
    diff = mean({res}0{txt}) - mean({res}1{txt})                                      t = {res} -0.4314
{txt}Ho: diff = 0                                     degrees of freedom = {res}     599

    {txt}Ha: diff < 0                 Ha: diff != 0                 Ha: diff > 0
 Pr(T < t) = {res}0.3332         {txt}Pr(|T| > |t|) = {res}0.6663          {txt}Pr(T > t) = {res}0.6668

{com}. ttest walnuts, by(fungi)

{txt}Two-sample t test with equal variances
{hline 9}{c TT}{hline 68}
   Group{col 10}{c |}{col 16}Obs{col 27}Mean{col 35}Std. Err.{col 47}Std. Dev.{col 59}[95% Conf. Interval]
{hline 9}{c +}{hline 68}
       0 {c |}{res}{col 12}    467{col 22} 8502.784{col 34} 3698.204{col 46} 79918.87{col 58} 1235.562{col 70} 15770.01
       {txt}1 {c |}{res}{col 12}    134{col 22} 353283.6{col 34} 136051.1{col 46}  1574905{col 58} 84179.77{col 70} 622387.4
{txt}{hline 9}{c +}{hline 68}
combined {c |}{res}{col 12}    601{col 22} 85375.71{col 34} 30941.83{col 46} 758548.3{col 58} 24608.25{col 70} 146143.2
{txt}{hline 9}{c +}{hline 68}
    diff {c |}{res}{col 22}-344780.8{col 34} 73053.95{col 58}-488253.8{col 70}-201307.8
{txt}{hline 9}{c BT}{hline 68}
    diff = mean({res}0{txt}) - mean({res}1{txt})                                      t = {res} -4.7195
{txt}Ho: diff = 0                                     degrees of freedom = {res}     599

    {txt}Ha: diff < 0                 Ha: diff != 0                 Ha: diff > 0
 Pr(T < t) = {res}0.0000         {txt}Pr(|T| > |t|) = {res}0.0000          {txt}Pr(T > t) = {res}1.0000

{com}. ttest watermelon, by(fungi)

{txt}Two-sample t test with equal variances
{hline 9}{c TT}{hline 68}
   Group{col 10}{c |}{col 16}Obs{col 27}Mean{col 35}Std. Err.{col 47}Std. Dev.{col 59}[95% Conf. Interval]
{hline 9}{c +}{hline 68}
       0 {c |}{res}{col 12}    467{col 22} 104349.9{col 34} 71528.11{col 46}  1545735{col 58}-36207.68{col 70} 244907.5
       {txt}1 {c |}{res}{col 12}    134{col 22} 10336.57{col 34} 6051.578{col 46} 70052.08{col 58}-1633.219{col 70} 22306.35
{txt}{hline 9}{c +}{hline 68}
combined {c |}{res}{col 12}    601{col 22} 83388.52{col 34} 55606.02{col 46}  1363198{col 58}-25817.57{col 70} 192594.6
{txt}{hline 9}{c +}{hline 68}
    diff {c |}{res}{col 22} 94013.33{col 34} 133649.8{col 58}-168465.9{col 70} 356492.5
{txt}{hline 9}{c BT}{hline 68}
    diff = mean({res}0{txt}) - mean({res}1{txt})                                      t = {res}  0.7034
{txt}Ho: diff = 0                                     degrees of freedom = {res}     599

    {txt}Ha: diff < 0                 Ha: diff != 0                 Ha: diff > 0
 Pr(T < t) = {res}0.7590         {txt}Pr(|T| > |t|) = {res}0.4821          {txt}Pr(T > t) = {res}0.2410

{com}. ttest pecans, by(fungi)

{txt}Two-sample t test with equal variances
{hline 9}{c TT}{hline 68}
   Group{col 10}{c |}{col 16}Obs{col 27}Mean{col 35}Std. Err.{col 47}Std. Dev.{col 59}[95% Conf. Interval]
{hline 9}{c +}{hline 68}
       0 {c |}{res}{col 12}    467{col 22} 6679.657{col 34} 1863.802{col 46} 40277.11{col 58}  3017.16{col 70} 10342.16
       {txt}1 {c |}{res}{col 12}    134{col 22} 234879.9{col 34} 173492.6{col 46}  2008322{col 58}-108281.7{col 70} 578041.4
{txt}{hline 9}{c +}{hline 68}
combined {c |}{res}{col 12}    601{col 22} 57559.57{col 34} 38791.17{col 46} 950977.2{col 58} -18623.4{col 70} 133742.5
{txt}{hline 9}{c +}{hline 68}
    diff {c |}{res}{col 22}-228200.2{col 34} 92806.39{col 58}-410465.7{col 70}-45934.73
{txt}{hline 9}{c BT}{hline 68}
    diff = mean({res}0{txt}) - mean({res}1{txt})                                      t = {res} -2.4589
{txt}Ho: diff = 0                                     degrees of freedom = {res}     599

    {txt}Ha: diff < 0                 Ha: diff != 0                 Ha: diff > 0
 Pr(T < t) = {res}0.0071         {txt}Pr(|T| > |t|) = {res}0.0142          {txt}Pr(T > t) = {res}0.9929

{com}. ttest apples, by(fungi)

{txt}Two-sample t test with equal variances
{hline 9}{c TT}{hline 68}
   Group{col 10}{c |}{col 16}Obs{col 27}Mean{col 35}Std. Err.{col 47}Std. Dev.{col 59}[95% Conf. Interval]
{hline 9}{c +}{hline 68}
       0 {c |}{res}{col 12}    467{col 22} 9335.332{col 34} 4369.588{col 46} 94427.59{col 58} 748.7965{col 70} 17921.87
       {txt}1 {c |}{res}{col 12}    134{col 22} 118951.1{col 34} 48708.55{col 46} 563842.3{col 58} 22607.49{col 70} 215294.8
{txt}{hline 9}{c +}{hline 68}
combined {c |}{res}{col 12}    601{col 22} 33775.46{col 34}    11500{col 46} 281925.9{col 58} 11190.32{col 70}  56360.6
{txt}{hline 9}{c +}{hline 68}
    diff {c |}{res}{col 22}-109615.8{col 34} 27286.69{col 58}  -163205{col 70}-56026.58
{txt}{hline 9}{c BT}{hline 68}
    diff = mean({res}0{txt}) - mean({res}1{txt})                                      t = {res} -4.0172
{txt}Ho: diff = 0                                     degrees of freedom = {res}     599

    {txt}Ha: diff < 0                 Ha: diff != 0                 Ha: diff > 0
 Pr(T < t) = {res}0.0000         {txt}Pr(|T| > |t|) = {res}0.0001          {txt}Pr(T > t) = {res}1.0000

{com}. ttest cranberries, by(fungi)

{txt}Two-sample t test with equal variances
{hline 9}{c TT}{hline 68}
   Group{col 10}{c |}{col 16}Obs{col 27}Mean{col 35}Std. Err.{col 47}Std. Dev.{col 59}[95% Conf. Interval]
{hline 9}{c +}{hline 68}
       0 {c |}{res}{col 12}    467{col 22} 3472.805{col 34} 3393.912{col 46} 73343.06{col 58}-3196.462{col 70} 10142.07
       {txt}1 {c |}{res}{col 12}    134{col 22}   117309{col 34} 83496.53{col 46} 966542.2{col 58}-47843.94{col 70} 282461.8
{txt}{hline 9}{c +}{hline 68}
combined {c |}{res}{col 12}    601{col 22} 28853.91{col 34} 18848.22{col 46} 462069.8{col 58}-8162.593{col 70} 65870.41
{txt}{hline 9}{c +}{hline 68}
    diff {c |}{res}{col 22}-113836.2{col 34} 45081.35{col 58}-202372.9{col 70}-25299.43
{txt}{hline 9}{c BT}{hline 68}
    diff = mean({res}0{txt}) - mean({res}1{txt})                                      t = {res} -2.5251
{txt}Ho: diff = 0                                     degrees of freedom = {res}     599

    {txt}Ha: diff < 0                 Ha: diff != 0                 Ha: diff > 0
 Pr(T < t) = {res}0.0059         {txt}Pr(|T| > |t|) = {res}0.0118          {txt}Pr(T > t) = {res}0.9941

{com}. ttest blueberries, by(fungi)

{txt}Two-sample t test with equal variances
{hline 9}{c TT}{hline 68}
   Group{col 10}{c |}{col 16}Obs{col 27}Mean{col 35}Std. Err.{col 47}Std. Dev.{col 59}[95% Conf. Interval]
{hline 9}{c +}{hline 68}
       0 {c |}{res}{col 12}    467{col 22} 14475.16{col 34} 5255.082{col 46} 113563.3{col 58} 4148.568{col 70} 24801.75
       {txt}1 {c |}{res}{col 12}    134{col 22} 77986.07{col 34}    63730{col 46}   737728{col 58}-48069.39{col 70} 204041.5
{txt}{hline 9}{c +}{hline 68}
combined {c |}{res}{col 12}    601{col 22} 28635.66{col 34}  14783.9{col 46} 362431.8{col 58}-398.8219{col 70} 57670.15
{txt}{hline 9}{c +}{hline 68}
    diff {c |}{res}{col 22}-63510.91{col 34} 35453.14{col 58}-133138.5{col 70} 6116.652
{txt}{hline 9}{c BT}{hline 68}
    diff = mean({res}0{txt}) - mean({res}1{txt})                                      t = {res} -1.7914
{txt}Ho: diff = 0                                     degrees of freedom = {res}     599

    {txt}Ha: diff < 0                 Ha: diff != 0                 Ha: diff > 0
 Pr(T < t) = {res}0.0369         {txt}Pr(|T| > |t|) = {res}0.0737          {txt}Pr(T > t) = {res}0.9631

{com}. ttest grape, by(fungi)

{txt}Two-sample t test with equal variances
{hline 9}{c TT}{hline 68}
   Group{col 10}{c |}{col 16}Obs{col 27}Mean{col 35}Std. Err.{col 47}Std. Dev.{col 59}[95% Conf. Interval]
{hline 9}{c +}{hline 68}
       0 {c |}{res}{col 12}    467{col 22} 19046.47{col 34} 16083.65{col 46} 347570.7{col 58}   -12559{col 70} 50651.93
       {txt}1 {c |}{res}{col 12}    134{col 22} 30116.42{col 34} 10089.04{col 46} 116789.1{col 58} 10160.69{col 70} 50072.15
{txt}{hline 9}{c +}{hline 68}
combined {c |}{res}{col 12}    601{col 22} 21514.64{col 34} 12695.74{col 46} 311239.9{col 58}-3418.844{col 70} 46448.13
{txt}{hline 9}{c +}{hline 68}
    diff {c |}{res}{col 22}-11069.95{col 34} 30523.63{col 58}-71016.29{col 70} 48876.38
{txt}{hline 9}{c BT}{hline 68}
    diff = mean({res}0{txt}) - mean({res}1{txt})                                      t = {res} -0.3627
{txt}Ho: diff = 0                                     degrees of freedom = {res}     599

    {txt}Ha: diff < 0                 Ha: diff != 0                 Ha: diff > 0
 Pr(T < t) = {res}0.3585         {txt}Pr(|T| > |t|) = {res}0.7170          {txt}Pr(T > t) = {res}0.6415

{com}. ttest plumt, by(fungi)

{txt}Two-sample t test with equal variances
{hline 9}{c TT}{hline 68}
   Group{col 10}{c |}{col 16}Obs{col 27}Mean{col 35}Std. Err.{col 47}Std. Dev.{col 59}[95% Conf. Interval]
{hline 9}{c +}{hline 68}
       0 {c |}{res}{col 12}    467{col 22}  3648.18{col 34} 2558.046{col 46} 55279.85{col 58}-1378.554{col 70} 8674.914
       {txt}1 {c |}{res}{col 12}    133{col 22} 51597.74{col 34} 20696.35{col 46}   238682{col 58} 10658.31{col 70} 92537.18
{txt}{hline 9}{c +}{hline 68}
combined {c |}{res}{col 12}    600{col 22}    14277{col 34} 5054.504{col 46} 123809.6{col 58} 4350.296{col 70}  24203.7
{txt}{hline 9}{c +}{hline 68}
    diff {c |}{res}{col 22}-47949.56{col 34} 12020.03{col 58}-71556.17{col 70}-24342.96
{txt}{hline 9}{c BT}{hline 68}
    diff = mean({res}0{txt}) - mean({res}1{txt})                                      t = {res} -3.9891
{txt}Ho: diff = 0                                     degrees of freedom = {res}     598

    {txt}Ha: diff < 0                 Ha: diff != 0                 Ha: diff > 0
 Pr(T < t) = {res}0.0000         {txt}Pr(|T| > |t|) = {res}0.0001          {txt}Pr(T > t) = {res}1.0000

{com}. ttest peas, by(fungi)

{txt}Two-sample t test with equal variances
{hline 9}{c TT}{hline 68}
   Group{col 10}{c |}{col 16}Obs{col 27}Mean{col 35}Std. Err.{col 47}Std. Dev.{col 59}[95% Conf. Interval]
{hline 9}{c +}{hline 68}
       0 {c |}{res}{col 12}    467{col 22} 14583.08{col 34} 5044.577{col 46} 109014.2{col 58} 4670.148{col 70} 24496.02
       {txt}1 {c |}{res}{col 12}    134{col 22} 5171.642{col 34} 3240.913{col 46} 37516.29{col 58}-1238.759{col 70} 11582.04
{txt}{hline 9}{c +}{hline 68}
combined {c |}{res}{col 12}    601{col 22} 12484.69{col 34} 3987.783{col 46} 97761.69{col 58} 4652.984{col 70}  20316.4
{txt}{hline 9}{c +}{hline 68}
    diff {c |}{res}{col 22} 9411.442{col 34} 9580.933{col 58}-9404.861{col 70} 28227.74
{txt}{hline 9}{c BT}{hline 68}
    diff = mean({res}0{txt}) - mean({res}1{txt})                                      t = {res}  0.9823
{txt}Ho: diff = 0                                     degrees of freedom = {res}     599

    {txt}Ha: diff < 0                 Ha: diff != 0                 Ha: diff > 0
 Pr(T < t) = {res}0.8368         {txt}Pr(|T| > |t|) = {res}0.3263          {txt}Pr(T > t) = {res}0.1632

{com}. ttest potatoes, by(fungi)

{txt}Two-sample t test with equal variances
{hline 9}{c TT}{hline 68}
   Group{col 10}{c |}{col 16}Obs{col 27}Mean{col 35}Std. Err.{col 47}Std. Dev.{col 59}[95% Conf. Interval]
{hline 9}{c +}{hline 68}
       0 {c |}{res}{col 12}    467{col 22} 12108.57{col 34} 4864.289{col 46} 105118.2{col 58} 2549.909{col 70} 21667.22
       {txt}1 {c |}{res}{col 12}    134{col 22}  7711.94{col 34} 2985.277{col 46} 34557.08{col 58} 1807.178{col 70}  13616.7
{txt}{hline 9}{c +}{hline 68}
combined {c |}{res}{col 12}    601{col 22} 11128.29{col 34} 3837.398{col 46} 94074.97{col 58} 3591.922{col 70} 18664.65
{txt}{hline 9}{c +}{hline 68}
    diff {c |}{res}{col 22} 4396.625{col 34} 9225.298{col 58}-13721.23{col 70} 22514.48
{txt}{hline 9}{c BT}{hline 68}
    diff = mean({res}0{txt}) - mean({res}1{txt})                                      t = {res}  0.4766
{txt}Ho: diff = 0                                     degrees of freedom = {res}     599

    {txt}Ha: diff < 0                 Ha: diff != 0                 Ha: diff > 0
 Pr(T < t) = {res}0.6831         {txt}Pr(|T| > |t|) = {res}0.6338          {txt}Pr(T > t) = {res}0.3169

{com}. ttest cherries, by(fungi)

{txt}Two-sample t test with equal variances
{hline 9}{c TT}{hline 68}
   Group{col 10}{c |}{col 16}Obs{col 27}Mean{col 35}Std. Err.{col 47}Std. Dev.{col 59}[95% Conf. Interval]
{hline 9}{c +}{hline 68}
       0 {c |}{res}{col 12}    467{col 22} 1453.105{col 34} 783.6427{col 46} 16934.66{col 58} -86.8061{col 70} 2993.016
       {txt}1 {c |}{res}{col 12}    134{col 22} 43566.04{col 34} 23886.09{col 46} 276501.5{col 58}-3679.725{col 70} 90811.81
{txt}{hline 9}{c +}{hline 68}
combined {c |}{res}{col 12}    601{col 22} 10842.68{col 34} 5392.669{col 46} 132202.9{col 58} 251.8779{col 70} 21433.48
{txt}{hline 9}{c +}{hline 68}
    diff {c |}{res}{col 22}-42112.94{col 34} 12852.03{col 58}-67353.45{col 70}-16872.42
{txt}{hline 9}{c BT}{hline 68}
    diff = mean({res}0{txt}) - mean({res}1{txt})                                      t = {res} -3.2768
{txt}Ho: diff = 0                                     degrees of freedom = {res}     599

    {txt}Ha: diff < 0                 Ha: diff != 0                 Ha: diff > 0
 Pr(T < t) = {res}0.0006         {txt}Pr(|T| > |t|) = {res}0.0011          {txt}Pr(T > t) = {res}0.9994

{com}. ttest cabbage, by(fungi)

{txt}Two-sample t test with equal variances
{hline 9}{c TT}{hline 68}
   Group{col 10}{c |}{col 16}Obs{col 27}Mean{col 35}Std. Err.{col 47}Std. Dev.{col 59}[95% Conf. Interval]
{hline 9}{c +}{hline 68}
       0 {c |}{res}{col 12}    467{col 22} 3688.651{col 34} 1778.255{col 46} 38428.42{col 58} 194.2587{col 70} 7183.043
       {txt}1 {c |}{res}{col 12}    134{col 22} 13029.85{col 34} 10216.28{col 46}   118262{col 58}-7177.562{col 70} 33237.26
{txt}{hline 9}{c +}{hline 68}
combined {c |}{res}{col 12}    601{col 22} 5771.381{col 34}  2663.08{col 46} 65286.21{col 58} 541.2896{col 70} 11001.47
{txt}{hline 9}{c +}{hline 68}
    diff {c |}{res}{col 22}  -9341.2{col 34} 6392.007{col 58}-21894.67{col 70}  3212.27
{txt}{hline 9}{c BT}{hline 68}
    diff = mean({res}0{txt}) - mean({res}1{txt})                                      t = {res} -1.4614
{txt}Ho: diff = 0                                     degrees of freedom = {res}     599

    {txt}Ha: diff < 0                 Ha: diff != 0                 Ha: diff > 0
 Pr(T < t) = {res}0.0722         {txt}Pr(|T| > |t|) = {res}0.1444          {txt}Pr(T > t) = {res}0.9278

{com}. ttest cucumbers, by(fungi)

{txt}Two-sample t test with equal variances
{hline 9}{c TT}{hline 68}
   Group{col 10}{c |}{col 16}Obs{col 27}Mean{col 35}Std. Err.{col 47}Std. Dev.{col 59}[95% Conf. Interval]
{hline 9}{c +}{hline 68}
       0 {c |}{res}{col 12}    467{col 22} 3097.002{col 34} 2528.472{col 46} 54640.73{col 58}-1871.616{col 70}  8065.62
       {txt}1 {c |}{res}{col 12}    134{col 22} 14120.08{col 34} 11051.39{col 46} 127929.1{col 58}-7739.147{col 70} 35979.31
{txt}{hline 9}{c +}{hline 68}
combined {c |}{res}{col 12}    601{col 22} 5554.727{col 34} 3151.123{col 46} 77250.73{col 58}-633.8448{col 70}  11743.3
{txt}{hline 9}{c +}{hline 68}
    diff {c |}{res}{col 22}-11023.08{col 34} 7563.496{col 58}-25877.27{col 70} 3831.116
{txt}{hline 9}{c BT}{hline 68}
    diff = mean({res}0{txt}) - mean({res}1{txt})                                      t = {res} -1.4574
{txt}Ho: diff = 0                                     degrees of freedom = {res}     599

    {txt}Ha: diff < 0                 Ha: diff != 0                 Ha: diff > 0
 Pr(T < t) = {res}0.0728         {txt}Pr(|T| > |t|) = {res}0.1455          {txt}Pr(T > t) = {res}0.9272

{com}. ttest tomatoes, by(fungi)

{txt}Two-sample t test with equal variances
{hline 9}{c TT}{hline 68}
   Group{col 10}{c |}{col 16}Obs{col 27}Mean{col 35}Std. Err.{col 47}Std. Dev.{col 59}[95% Conf. Interval]
{hline 9}{c +}{hline 68}
       0 {c |}{res}{col 12}    467{col 22} 1358.672{col 34} 756.2624{col 46} 16342.97{col 58}-127.4345{col 70} 2844.779
       {txt}1 {c |}{res}{col 12}    134{col 22} 18776.12{col 34} 11370.36{col 46} 131621.4{col 58}-3714.005{col 70} 41266.24
{txt}{hline 9}{c +}{hline 68}
combined {c |}{res}{col 12}    601{col 22} 5242.097{col 34} 2611.979{col 46} 64033.45{col 58} 112.3638{col 70} 10371.83
{txt}{hline 9}{c +}{hline 68}
    diff {c |}{res}{col 22}-17417.45{col 34} 6240.069{col 58}-29672.52{col 70}-5162.374
{txt}{hline 9}{c BT}{hline 68}
    diff = mean({res}0{txt}) - mean({res}1{txt})                                      t = {res} -2.7912
{txt}Ho: diff = 0                                     degrees of freedom = {res}     599

    {txt}Ha: diff < 0                 Ha: diff != 0                 Ha: diff > 0
 Pr(T < t) = {res}0.0027         {txt}Pr(|T| > |t|) = {res}0.0054          {txt}Pr(T > t) = {res}0.9973

{com}. ttest tobacco, by(fungi)

{txt}Two-sample t test with equal variances
{hline 9}{c TT}{hline 68}
   Group{col 10}{c |}{col 16}Obs{col 27}Mean{col 35}Std. Err.{col 47}Std. Dev.{col 59}[95% Conf. Interval]
{hline 9}{c +}{hline 68}
       0 {c |}{res}{col 12}    467{col 22} 3006.424{col 34} 1853.167{col 46} 40047.27{col 58}-635.1743{col 70} 6648.022
       {txt}1 {c |}{res}{col 12}    134{col 22}  6132.09{col 34}  5943.22{col 46} 68797.75{col 58} -5623.37{col 70} 17887.55
{txt}{hline 9}{c +}{hline 68}
combined {c |}{res}{col 12}    601{col 22} 3703.328{col 34} 1954.762{col 46} 47921.59{col 58}-135.6799{col 70} 7542.335
{txt}{hline 9}{c +}{hline 68}
    diff {c |}{res}{col 22}-3125.666{col 34} 4698.502{col 58}-12353.21{col 70} 6101.874
{txt}{hline 9}{c BT}{hline 68}
    diff = mean({res}0{txt}) - mean({res}1{txt})                                      t = {res} -0.6652
{txt}Ho: diff = 0                                     degrees of freedom = {res}     599

    {txt}Ha: diff < 0                 Ha: diff != 0                 Ha: diff > 0
 Pr(T < t) = {res}0.2531         {txt}Pr(|T| > |t|) = {res}0.5061          {txt}Pr(T > t) = {res}0.7469

{com}. ttest pumpkin, by(fungi)

{txt}Two-sample t test with equal variances
{hline 9}{c TT}{hline 68}
   Group{col 10}{c |}{col 16}Obs{col 27}Mean{col 35}Std. Err.{col 47}Std. Dev.{col 59}[95% Conf. Interval]
{hline 9}{c +}{hline 68}
       0 {c |}{res}{col 12}    467{col 22} 3792.719{col 34} 2163.664{col 46} 46757.17{col 58}-459.0262{col 70} 8044.465
       {txt}1 {c |}{res}{col 12}    134{col 22} 953.7313{col 34} 676.3671{col 46} 7829.515{col 58}-384.0965{col 70} 2291.559
{txt}{hline 9}{c +}{hline 68}
combined {c |}{res}{col 12}    601{col 22} 3159.734{col 34} 1688.249{col 46} 41387.94{col 58}-155.8619{col 70} 6475.329
{txt}{hline 9}{c +}{hline 68}
    diff {c |}{res}{col 22} 2838.988{col 34} 4057.747{col 58}-5130.153{col 70} 10808.13
{txt}{hline 9}{c BT}{hline 68}
    diff = mean({res}0{txt}) - mean({res}1{txt})                                      t = {res}  0.6996
{txt}Ho: diff = 0                                     degrees of freedom = {res}     599

    {txt}Ha: diff < 0                 Ha: diff != 0                 Ha: diff > 0
 Pr(T < t) = {res}0.7578         {txt}Pr(|T| > |t|) = {res}0.4844          {txt}Pr(T > t) = {res}0.2422

{com}. ttest strawberries, by(fungi)

{txt}Two-sample t test with equal variances
{hline 9}{c TT}{hline 68}
   Group{col 10}{c |}{col 16}Obs{col 27}Mean{col 35}Std. Err.{col 47}Std. Dev.{col 59}[95% Conf. Interval]
{hline 9}{c +}{hline 68}
       0 {c |}{res}{col 12}    467{col 22} 3073.876{col 34} 2179.756{col 46} 47104.93{col 58}-1209.492{col 70} 7357.244
       {txt}1 {c |}{res}{col 12}    134{col 22} 3190.299{col 34} 2560.655{col 46} 29641.73{col 58}-1874.579{col 70} 8255.176
{txt}{hline 9}{c +}{hline 68}
combined {c |}{res}{col 12}    601{col 22} 3099.834{col 34} 1786.477{col 46} 43796.02{col 58}-408.6741{col 70} 6608.341
{txt}{hline 9}{c +}{hline 68}
    diff {c |}{res}{col 22}-116.4227{col 34} 4295.592{col 58}-8552.674{col 70} 8319.828
{txt}{hline 9}{c BT}{hline 68}
    diff = mean({res}0{txt}) - mean({res}1{txt})                                      t = {res} -0.0271
{txt}Ho: diff = 0                                     degrees of freedom = {res}     599

    {txt}Ha: diff < 0                 Ha: diff != 0                 Ha: diff > 0
 Pr(T < t) = {res}0.4892         {txt}Pr(|T| > |t|) = {res}0.9784          {txt}Pr(T > t) = {res}0.5108

{com}. ttest squash, by(fungi)

{txt}Two-sample t test with equal variances
{hline 9}{c TT}{hline 68}
   Group{col 10}{c |}{col 16}Obs{col 27}Mean{col 35}Std. Err.{col 47}Std. Dev.{col 59}[95% Conf. Interval]
{hline 9}{c +}{hline 68}
       0 {c |}{res}{col 12}    467{col 22} 1127.409{col 34}  691.091{col 46}  14934.6{col 58}-230.6315{col 70}  2485.45
       {txt}1 {c |}{res}{col 12}    134{col 22} 8876.021{col 34} 5341.222{col 46} 61829.12{col 58} -1688.71{col 70} 19440.75
{txt}{hline 9}{c +}{hline 68}
combined {c |}{res}{col 12}    601{col 22} 2855.053{col 34}  1309.79{col 46} 32109.89{col 58} 282.7231{col 70} 5427.383
{txt}{hline 9}{c +}{hline 68}
    diff {c |}{res}{col 22}-7748.612{col 34} 3133.443{col 58}-13902.48{col 70}-1594.741
{txt}{hline 9}{c BT}{hline 68}
    diff = mean({res}0{txt}) - mean({res}1{txt})                                      t = {res} -2.4729
{txt}Ho: diff = 0                                     degrees of freedom = {res}     599

    {txt}Ha: diff < 0                 Ha: diff != 0                 Ha: diff > 0
 Pr(T < t) = {res}0.0068         {txt}Pr(|T| > |t|) = {res}0.0137          {txt}Pr(T > t) = {res}0.9932

{com}. ttest peaches, by(fungi)

{txt}Two-sample t test with equal variances
{hline 9}{c TT}{hline 68}
   Group{col 10}{c |}{col 16}Obs{col 27}Mean{col 35}Std. Err.{col 47}Std. Dev.{col 59}[95% Conf. Interval]
{hline 9}{c +}{hline 68}
       0 {c |}{res}{col 12}    467{col 22} 2106.424{col 34} 1282.123{col 46} 27706.91{col 58}-413.0344{col 70} 4625.882
       {txt}1 {c |}{res}{col 12}    134{col 22} 4883.586{col 34} 2251.468{col 46} 26062.63{col 58}  430.269{col 70} 9336.903
{txt}{hline 9}{c +}{hline 68}
combined {c |}{res}{col 12}    601{col 22} 2725.625{col 34} 1115.713{col 46} 27352.04{col 58} 534.4479{col 70} 4916.802
{txt}{hline 9}{c +}{hline 68}
    diff {c |}{res}{col 22}-2777.162{col 34} 2680.337{col 58}-8041.163{col 70} 2486.839
{txt}{hline 9}{c BT}{hline 68}
    diff = mean({res}0{txt}) - mean({res}1{txt})                                      t = {res} -1.0361
{txt}Ho: diff = 0                                     degrees of freedom = {res}     599

    {txt}Ha: diff < 0                 Ha: diff != 0                 Ha: diff > 0
 Pr(T < t) = {res}0.1503         {txt}Pr(|T| > |t|) = {res}0.3006          {txt}Pr(T > t) = {res}0.8497

{com}. ttest spec_crop, by(neonics)

{txt}Two-sample t test with equal variances
{hline 9}{c TT}{hline 68}
   Group{col 10}{c |}{col 16}Obs{col 27}Mean{col 35}Std. Err.{col 47}Std. Dev.{col 59}[95% Conf. Interval]
{hline 9}{c +}{hline 68}
       0 {c |}{res}{col 12}    569{col 22} 587772.7{col 34} 123871.4{col 46}  2954794{col 58} 344470.7{col 70} 831074.6
       {txt}1 {c |}{res}{col 12}     31{col 22}  3119153{col 34}  1005748{col 46}  5599770{col 58}  1065141{col 70}  5173165
{txt}{hline 9}{c +}{hline 68}
combined {c |}{res}{col 12}    600{col 22} 718560.7{col 34} 130153.4{col 46}  3188094{col 58} 462948.2{col 70} 974173.1
{txt}{hline 9}{c +}{hline 68}
    diff {c |}{res}{col 22} -2531381{col 34} 579305.3{col 58} -3669101{col 70} -1393660
{txt}{hline 9}{c BT}{hline 68}
    diff = mean({res}0{txt}) - mean({res}1{txt})                                      t = {res} -4.3697
{txt}Ho: diff = 0                                     degrees of freedom = {res}     598

    {txt}Ha: diff < 0                 Ha: diff != 0                 Ha: diff > 0
 Pr(T < t) = {res}0.0000         {txt}Pr(|T| > |t|) = {res}0.0000          {txt}Pr(T > t) = {res}1.0000

{com}. ttest almonds, by(neonics)

{txt}Two-sample t test with equal variances
{hline 9}{c TT}{hline 68}
   Group{col 10}{c |}{col 16}Obs{col 27}Mean{col 35}Std. Err.{col 47}Std. Dev.{col 59}[95% Conf. Interval]
{hline 9}{c +}{hline 68}
       0 {c |}{res}{col 12}    569{col 22} 177360.5{col 34} 61514.58{col 46}  1467352{col 58} 56536.64{col 70} 298184.3
       {txt}1 {c |}{res}{col 12}     32{col 22} 524053.1{col 34} 374398.3{col 46}  2117917{col 58}-239537.3{col 70}  1287644
{txt}{hline 9}{c +}{hline 68}
combined {c |}{res}{col 12}    601{col 22}   195820{col 34} 61540.28{col 46}  1508679{col 58} 74959.43{col 70} 316680.5
{txt}{hline 9}{c +}{hline 68}
    diff {c |}{res}{col 22}-346692.7{col 34} 273958.8{col 58}-884729.2{col 70} 191343.9
{txt}{hline 9}{c BT}{hline 68}
    diff = mean({res}0{txt}) - mean({res}1{txt})                                      t = {res} -1.2655
{txt}Ho: diff = 0                                     degrees of freedom = {res}     599

    {txt}Ha: diff < 0                 Ha: diff != 0                 Ha: diff > 0
 Pr(T < t) = {res}0.1031         {txt}Pr(|T| > |t|) = {res}0.2062          {txt}Pr(T > t) = {res}0.8969

{com}. ttest spec_crop, by(neonics)

{txt}Two-sample t test with equal variances
{hline 9}{c TT}{hline 68}
   Group{col 10}{c |}{col 16}Obs{col 27}Mean{col 35}Std. Err.{col 47}Std. Dev.{col 59}[95% Conf. Interval]
{hline 9}{c +}{hline 68}
       0 {c |}{res}{col 12}    569{col 22} 587772.7{col 34} 123871.4{col 46}  2954794{col 58} 344470.7{col 70} 831074.6
       {txt}1 {c |}{res}{col 12}     31{col 22}  3119153{col 34}  1005748{col 46}  5599770{col 58}  1065141{col 70}  5173165
{txt}{hline 9}{c +}{hline 68}
combined {c |}{res}{col 12}    600{col 22} 718560.7{col 34} 130153.4{col 46}  3188094{col 58} 462948.2{col 70} 974173.1
{txt}{hline 9}{c +}{hline 68}
    diff {c |}{res}{col 22} -2531381{col 34} 579305.3{col 58} -3669101{col 70} -1393660
{txt}{hline 9}{c BT}{hline 68}
    diff = mean({res}0{txt}) - mean({res}1{txt})                                      t = {res} -4.3697
{txt}Ho: diff = 0                                     degrees of freedom = {res}     598

    {txt}Ha: diff < 0                 Ha: diff != 0                 Ha: diff > 0
 Pr(T < t) = {res}0.0000         {txt}Pr(|T| > |t|) = {res}0.0000          {txt}Pr(T > t) = {res}1.0000

{com}. ttest citrustot, by(neonics)

{txt}Two-sample t test with equal variances
{hline 9}{c TT}{hline 68}
   Group{col 10}{c |}{col 16}Obs{col 27}Mean{col 35}Std. Err.{col 47}Std. Dev.{col 59}[95% Conf. Interval]
{hline 9}{c +}{hline 68}
       0 {c |}{res}{col 12}    569{col 22} 19388.75{col 34} 12417.15{col 46} 296195.3{col 58}-5000.393{col 70}  43777.9
       {txt}1 {c |}{res}{col 12}     32{col 22}  1780594{col 34} 926092.8{col 46}  5238772{col 58}  -108185{col 70}  3669372
{txt}{hline 9}{c +}{hline 68}
combined {c |}{res}{col 12}    601{col 22} 113163.4{col 34} 52518.18{col 46}  1287499{col 58} 10021.59{col 70} 216305.2
{txt}{hline 9}{c +}{hline 68}
    diff {c |}{res}{col 22} -1761205{col 34} 222773.3{col 58} -2198717{col 70} -1323693
{txt}{hline 9}{c BT}{hline 68}
    diff = mean({res}0{txt}) - mean({res}1{txt})                                      t = {res} -7.9058
{txt}Ho: diff = 0                                     degrees of freedom = {res}     599

    {txt}Ha: diff < 0                 Ha: diff != 0                 Ha: diff > 0
 Pr(T < t) = {res}0.0000         {txt}Pr(|T| > |t|) = {res}0.0000          {txt}Pr(T > t) = {res}1.0000

{com}. ttest walnuts, by(neonics)

{txt}Two-sample t test with equal variances
{hline 9}{c TT}{hline 68}
   Group{col 10}{c |}{col 16}Obs{col 27}Mean{col 35}Std. Err.{col 47}Std. Dev.{col 59}[95% Conf. Interval]
{hline 9}{c +}{hline 68}
       0 {c |}{res}{col 12}    569{col 22} 87893.15{col 34} 32642.03{col 46} 778633.8{col 58} 23779.33{col 70}   152007
       {txt}1 {c |}{res}{col 12}     32{col 22}  40612.5{col 34} 28538.19{col 46} 161436.4{col 58}-17591.53{col 70} 98816.53
{txt}{hline 9}{c +}{hline 68}
combined {c |}{res}{col 12}    601{col 22} 85375.71{col 34} 30941.83{col 46} 758548.3{col 58} 24608.25{col 70} 146143.2
{txt}{hline 9}{c +}{hline 68}
    diff {c |}{res}{col 22} 47280.65{col 34} 137914.2{col 58}-223573.5{col 70} 318134.8
{txt}{hline 9}{c BT}{hline 68}
    diff = mean({res}0{txt}) - mean({res}1{txt})                                      t = {res}  0.3428
{txt}Ho: diff = 0                                     degrees of freedom = {res}     599

    {txt}Ha: diff < 0                 Ha: diff != 0                 Ha: diff > 0
 Pr(T < t) = {res}0.6341         {txt}Pr(|T| > |t|) = {res}0.7318          {txt}Pr(T > t) = {res}0.3659

{com}. ttest watermelon, by(neonics)

{txt}Two-sample t test with equal variances
{hline 9}{c TT}{hline 68}
   Group{col 10}{c |}{col 16}Obs{col 27}Mean{col 35}Std. Err.{col 47}Std. Dev.{col 59}[95% Conf. Interval]
{hline 9}{c +}{hline 68}
       0 {c |}{res}{col 12}    569{col 22} 88054.48{col 34} 58729.87{col 46}  1400926{col 58}-27299.75{col 70} 203408.7
       {txt}1 {c |}{res}{col 12}     32{col 22}  421.875{col 34} 368.1288{col 46} 2082.451{col 58}-328.9287{col 70} 1172.679
{txt}{hline 9}{c +}{hline 68}
combined {c |}{res}{col 12}    601{col 22} 83388.52{col 34} 55606.02{col 46}  1363198{col 58}-25817.57{col 70} 192594.6
{txt}{hline 9}{c +}{hline 68}
    diff {c |}{res}{col 22} 87632.61{col 34} 247846.1{col 58}-399120.3{col 70} 574385.5
{txt}{hline 9}{c BT}{hline 68}
    diff = mean({res}0{txt}) - mean({res}1{txt})                                      t = {res}  0.3536
{txt}Ho: diff = 0                                     degrees of freedom = {res}     599

    {txt}Ha: diff < 0                 Ha: diff != 0                 Ha: diff > 0
 Pr(T < t) = {res}0.6381         {txt}Pr(|T| > |t|) = {res}0.7238          {txt}Pr(T > t) = {res}0.3619

{com}. ttest pecans, by(neonics)

{txt}Two-sample t test with equal variances
{hline 9}{c TT}{hline 68}
   Group{col 10}{c |}{col 16}Obs{col 27}Mean{col 35}Std. Err.{col 47}Std. Dev.{col 59}[95% Conf. Interval]
{hline 9}{c +}{hline 68}
       0 {c |}{res}{col 12}    569{col 22} 60790.33{col 34} 40970.45{col 46} 977297.8{col 58}-19681.75{col 70} 141262.4
       {txt}1 {c |}{res}{col 12}     32{col 22}    112.5{col 34}    112.5{col 46} 636.3961{col 58}-116.9453{col 70} 341.9453
{txt}{hline 9}{c +}{hline 68}
combined {c |}{res}{col 12}    601{col 22} 57559.57{col 34} 38791.17{col 46} 950977.2{col 58} -18623.4{col 70} 133742.5
{txt}{hline 9}{c +}{hline 68}
    diff {c |}{res}{col 22} 60677.83{col 34} 172899.5{col 58}-278885.1{col 70} 400240.8
{txt}{hline 9}{c BT}{hline 68}
    diff = mean({res}0{txt}) - mean({res}1{txt})                                      t = {res}  0.3509
{txt}Ho: diff = 0                                     degrees of freedom = {res}     599

    {txt}Ha: diff < 0                 Ha: diff != 0                 Ha: diff > 0
 Pr(T < t) = {res}0.6371         {txt}Pr(|T| > |t|) = {res}0.7258          {txt}Pr(T > t) = {res}0.3629

{com}. ttest apples, by(neonics)

{txt}Two-sample t test with equal variances
{hline 9}{c TT}{hline 68}
   Group{col 10}{c |}{col 16}Obs{col 27}Mean{col 35}Std. Err.{col 47}Std. Dev.{col 59}[95% Conf. Interval]
{hline 9}{c +}{hline 68}
       0 {c |}{res}{col 12}    569{col 22} 16959.23{col 34} 6108.761{col 46} 145716.7{col 58} 4960.708{col 70} 28957.75
       {txt}1 {c |}{res}{col 12}     32{col 22} 332789.1{col 34} 181300.2{col 46}  1025589{col 58}-36975.07{col 70} 702553.2
{txt}{hline 9}{c +}{hline 68}
combined {c |}{res}{col 12}    601{col 22} 33775.46{col 34}    11500{col 46} 281925.9{col 58} 11190.32{col 70}  56360.6
{txt}{hline 9}{c +}{hline 68}
    diff {c |}{res}{col 22}-315829.8{col 34} 49612.11{col 58}-413264.7{col 70}  -218395
{txt}{hline 9}{c BT}{hline 68}
    diff = mean({res}0{txt}) - mean({res}1{txt})                                      t = {res} -6.3660
{txt}Ho: diff = 0                                     degrees of freedom = {res}     599

    {txt}Ha: diff < 0                 Ha: diff != 0                 Ha: diff > 0
 Pr(T < t) = {res}0.0000         {txt}Pr(|T| > |t|) = {res}0.0000          {txt}Pr(T > t) = {res}1.0000

{com}. ttest cranberries, by(neonics)

{txt}Two-sample t test with equal variances
{hline 9}{c TT}{hline 68}
   Group{col 10}{c |}{col 16}Obs{col 27}Mean{col 35}Std. Err.{col 47}Std. Dev.{col 59}[95% Conf. Interval]
{hline 9}{c +}{hline 68}
       0 {c |}{res}{col 12}    569{col 22} 18925.31{col 34} 16241.02{col 46} 387408.8{col 58}-12974.48{col 70}  50825.1
       {txt}1 {c |}{res}{col 12}     32{col 22} 205396.9{col 34} 205280.8{col 46}  1161243{col 58}  -213276{col 70} 624069.7
{txt}{hline 9}{c +}{hline 68}
combined {c |}{res}{col 12}    601{col 22} 28853.91{col 34} 18848.22{col 46} 462069.8{col 58}-8162.593{col 70} 65870.41
{txt}{hline 9}{c +}{hline 68}
    diff {c |}{res}{col 22}-186471.6{col 34} 83672.52{col 58}-350798.7{col 70} -22144.4
{txt}{hline 9}{c BT}{hline 68}
    diff = mean({res}0{txt}) - mean({res}1{txt})                                      t = {res} -2.2286
{txt}Ho: diff = 0                                     degrees of freedom = {res}     599

    {txt}Ha: diff < 0                 Ha: diff != 0                 Ha: diff > 0
 Pr(T < t) = {res}0.0131         {txt}Pr(|T| > |t|) = {res}0.0262          {txt}Pr(T > t) = {res}0.9869

{com}. ttest blueberries, by(neonics)

{txt}Two-sample t test with equal variances
{hline 9}{c TT}{hline 68}
   Group{col 10}{c |}{col 16}Obs{col 27}Mean{col 35}Std. Err.{col 47}Std. Dev.{col 59}[95% Conf. Interval]
{hline 9}{c +}{hline 68}
       0 {c |}{res}{col 12}    569{col 22}  30038.9{col 34} 15613.36{col 46} 372436.7{col 58}-628.0692{col 70} 60705.87
       {txt}1 {c |}{res}{col 12}     32{col 22} 3684.375{col 34} 2516.667{col 46} 14236.42{col 58}  -1448.4{col 70}  8817.15
{txt}{hline 9}{c +}{hline 68}
combined {c |}{res}{col 12}    601{col 22} 28635.66{col 34}  14783.9{col 46} 362431.8{col 58}-398.8219{col 70} 57670.15
{txt}{hline 9}{c +}{hline 68}
    diff {c |}{res}{col 22} 26354.52{col 34}  65892.6{col 58}-103054.1{col 70} 155763.1
{txt}{hline 9}{c BT}{hline 68}
    diff = mean({res}0{txt}) - mean({res}1{txt})                                      t = {res}  0.4000
{txt}Ho: diff = 0                                     degrees of freedom = {res}     599

    {txt}Ha: diff < 0                 Ha: diff != 0                 Ha: diff > 0
 Pr(T < t) = {res}0.6553         {txt}Pr(|T| > |t|) = {res}0.6893          {txt}Pr(T > t) = {res}0.3447

{com}. ttest grape, by(neonics)

{txt}Two-sample t test with equal variances
{hline 9}{c TT}{hline 68}
   Group{col 10}{c |}{col 16}Obs{col 27}Mean{col 35}Std. Err.{col 47}Std. Dev.{col 59}[95% Conf. Interval]
{hline 9}{c +}{hline 68}
       0 {c |}{res}{col 12}    569{col 22} 22560.11{col 34} 13408.51{col 46} 319842.9{col 58}-3776.212{col 70} 48896.42
       {txt}1 {c |}{res}{col 12}     32{col 22}     2925{col 34}  2098.66{col 46} 11871.82{col 58}-1355.246{col 70} 7205.246
{txt}{hline 9}{c +}{hline 68}
combined {c |}{res}{col 12}    601{col 22} 21514.64{col 34} 12695.74{col 46} 311239.9{col 58}-3418.844{col 70} 46448.13
{txt}{hline 9}{c +}{hline 68}
    diff {c |}{res}{col 22} 19635.11{col 34} 56587.42{col 58}-91498.75{col 70}   130769
{txt}{hline 9}{c BT}{hline 68}
    diff = mean({res}0{txt}) - mean({res}1{txt})                                      t = {res}  0.3470
{txt}Ho: diff = 0                                     degrees of freedom = {res}     599

    {txt}Ha: diff < 0                 Ha: diff != 0                 Ha: diff > 0
 Pr(T < t) = {res}0.6356         {txt}Pr(|T| > |t|) = {res}0.7287          {txt}Pr(T > t) = {res}0.3644

{com}. ttest plumt, by(neonics)

{txt}Two-sample t test with equal variances
{hline 9}{c TT}{hline 68}
   Group{col 10}{c |}{col 16}Obs{col 27}Mean{col 35}Std. Err.{col 47}Std. Dev.{col 59}[95% Conf. Interval]
{hline 9}{c +}{hline 68}
       0 {c |}{res}{col 12}    569{col 22} 13697.72{col 34} 5162.936{col 46} 123155.2{col 58} 3556.939{col 70} 23838.49
       {txt}1 {c |}{res}{col 12}     31{col 22} 24909.68{col 34} 24610.64{col 46} 137026.3{col 58}-25351.96{col 70} 75171.32
{txt}{hline 9}{c +}{hline 68}
combined {c |}{res}{col 12}    600{col 22}    14277{col 34} 5054.504{col 46} 123809.6{col 58} 4350.296{col 70}  24203.7
{txt}{hline 9}{c +}{hline 68}
    diff {c |}{res}{col 22}-11211.96{col 34} 22849.06{col 58}-56086.11{col 70} 33662.19
{txt}{hline 9}{c BT}{hline 68}
    diff = mean({res}0{txt}) - mean({res}1{txt})                                      t = {res} -0.4907
{txt}Ho: diff = 0                                     degrees of freedom = {res}     598

    {txt}Ha: diff < 0                 Ha: diff != 0                 Ha: diff > 0
 Pr(T < t) = {res}0.3119         {txt}Pr(|T| > |t|) = {res}0.6238          {txt}Pr(T > t) = {res}0.6881

{com}. ttest peas, by(neonics)

{txt}Two-sample t test with equal variances
{hline 9}{c TT}{hline 68}
   Group{col 10}{c |}{col 16}Obs{col 27}Mean{col 35}Std. Err.{col 47}Std. Dev.{col 59}[95% Conf. Interval]
{hline 9}{c +}{hline 68}
       0 {c |}{res}{col 12}    569{col 22}  12305.8{col 34} 4169.843{col 46} 99466.27{col 58} 4115.606{col 70} 20495.99
       {txt}1 {c |}{res}{col 12}     32{col 22} 15665.63{col 34} 10745.26{col 46} 60784.39{col 58}-6249.485{col 70} 37580.74
{txt}{hline 9}{c +}{hline 68}
combined {c |}{res}{col 12}    601{col 22} 12484.69{col 34} 3987.783{col 46} 97761.69{col 58} 4652.984{col 70}  20316.4
{txt}{hline 9}{c +}{hline 68}
    diff {c |}{res}{col 22}-3359.825{col 34} 17775.59{col 58}-38269.88{col 70} 31550.23
{txt}{hline 9}{c BT}{hline 68}
    diff = mean({res}0{txt}) - mean({res}1{txt})                                      t = {res} -0.1890
{txt}Ho: diff = 0                                     degrees of freedom = {res}     599

    {txt}Ha: diff < 0                 Ha: diff != 0                 Ha: diff > 0
 Pr(T < t) = {res}0.4251         {txt}Pr(|T| > |t|) = {res}0.8501          {txt}Pr(T > t) = {res}0.5749

{com}. ttest potatoes, by(neonics)

{txt}Two-sample t test with equal variances
{hline 9}{c TT}{hline 68}
   Group{col 10}{c |}{col 16}Obs{col 27}Mean{col 35}Std. Err.{col 47}Std. Dev.{col 59}[95% Conf. Interval]
{hline 9}{c +}{hline 68}
       0 {c |}{res}{col 12}    569{col 22} 11690.86{col 34} 4051.993{col 46} 96655.11{col 58} 3732.142{col 70} 19649.58
       {txt}1 {c |}{res}{col 12}     32{col 22}     1125{col 34} 552.6148{col 46} 3126.061{col 58}-2.065218{col 70} 2252.065
{txt}{hline 9}{c +}{hline 68}
combined {c |}{res}{col 12}    601{col 22} 11128.29{col 34} 3837.398{col 46} 94074.97{col 58} 3591.922{col 70} 18664.65
{txt}{hline 9}{c +}{hline 68}
    diff {c |}{res}{col 22} 10565.86{col 34} 17100.31{col 58}   -23018{col 70} 44149.72
{txt}{hline 9}{c BT}{hline 68}
    diff = mean({res}0{txt}) - mean({res}1{txt})                                      t = {res}  0.6179
{txt}Ho: diff = 0                                     degrees of freedom = {res}     599

    {txt}Ha: diff < 0                 Ha: diff != 0                 Ha: diff > 0
 Pr(T < t) = {res}0.7316         {txt}Pr(|T| > |t|) = {res}0.5369          {txt}Pr(T > t) = {res}0.2684

{com}. ttest cherries, by(neonics)

{txt}Two-sample t test with equal variances
{hline 9}{c TT}{hline 68}
   Group{col 10}{c |}{col 16}Obs{col 27}Mean{col 35}Std. Err.{col 47}Std. Dev.{col 59}[95% Conf. Interval]
{hline 9}{c +}{hline 68}
       0 {c |}{res}{col 12}    569{col 22}  11111.6{col 34} 5692.363{col 46}   135784{col 58} -69.0519{col 70} 22292.25
       {txt}1 {c |}{res}{col 12}     32{col 22} 6060.938{col 34} 3675.641{col 46} 20792.57{col 58}-1435.582{col 70} 13557.46
{txt}{hline 9}{c +}{hline 68}
combined {c |}{res}{col 12}    601{col 22} 10842.68{col 34} 5392.669{col 46} 132202.9{col 58} 251.8779{col 70} 21433.48
{txt}{hline 9}{c +}{hline 68}
    diff {c |}{res}{col 22} 5050.662{col 34} 24037.72{col 58} -42157.8{col 70} 52259.12
{txt}{hline 9}{c BT}{hline 68}
    diff = mean({res}0{txt}) - mean({res}1{txt})                                      t = {res}  0.2101
{txt}Ho: diff = 0                                     degrees of freedom = {res}     599

    {txt}Ha: diff < 0                 Ha: diff != 0                 Ha: diff > 0
 Pr(T < t) = {res}0.5832         {txt}Pr(|T| > |t|) = {res}0.8337          {txt}Pr(T > t) = {res}0.4168

{com}. ttest cabbage, by(neonics)

{txt}Two-sample t test with equal variances
{hline 9}{c TT}{hline 68}
   Group{col 10}{c |}{col 16}Obs{col 27}Mean{col 35}Std. Err.{col 47}Std. Dev.{col 59}[95% Conf. Interval]
{hline 9}{c +}{hline 68}
       0 {c |}{res}{col 12}    569{col 22} 5942.531{col 34} 2809.307{col 46} 67012.43{col 58} 424.6319{col 70} 11460.43
       {txt}1 {c |}{res}{col 12}     32{col 22} 2728.125{col 34} 2532.555{col 46}  14326.3{col 58}-2437.055{col 70} 7893.305
{txt}{hline 9}{c +}{hline 68}
combined {c |}{res}{col 12}    601{col 22} 5771.381{col 34}  2663.08{col 46} 65286.21{col 58} 541.2896{col 70} 11001.47
{txt}{hline 9}{c +}{hline 68}
    diff {c |}{res}{col 22} 3214.406{col 34} 11870.34{col 58}-20098.14{col 70} 26526.95
{txt}{hline 9}{c BT}{hline 68}
    diff = mean({res}0{txt}) - mean({res}1{txt})                                      t = {res}  0.2708
{txt}Ho: diff = 0                                     degrees of freedom = {res}     599

    {txt}Ha: diff < 0                 Ha: diff != 0                 Ha: diff > 0
 Pr(T < t) = {res}0.6067         {txt}Pr(|T| > |t|) = {res}0.7866          {txt}Pr(T > t) = {res}0.3933

{com}. ttest cucumbers, by(neonics)

{txt}Two-sample t test with equal variances
{hline 9}{c TT}{hline 68}
   Group{col 10}{c |}{col 16}Obs{col 27}Mean{col 35}Std. Err.{col 47}Std. Dev.{col 59}[95% Conf. Interval]
{hline 9}{c +}{hline 68}
       0 {c |}{res}{col 12}    569{col 22} 5851.302{col 34} 3328.029{col 46} 79385.86{col 58}-685.4431{col 70} 12388.05
       {txt}1 {c |}{res}{col 12}     32{col 22}   281.25{col 34} 253.7794{col 46} 1435.593{col 58}-236.3365{col 70} 798.8365
{txt}{hline 9}{c +}{hline 68}
combined {c |}{res}{col 12}    601{col 22} 5554.727{col 34} 3151.123{col 46} 77250.73{col 58}-633.8448{col 70}  11743.3
{txt}{hline 9}{c +}{hline 68}
    diff {c |}{res}{col 22} 5570.052{col 34} 14044.75{col 58}-22012.88{col 70} 33152.98
{txt}{hline 9}{c BT}{hline 68}
    diff = mean({res}0{txt}) - mean({res}1{txt})                                      t = {res}  0.3966
{txt}Ho: diff = 0                                     degrees of freedom = {res}     599

    {txt}Ha: diff < 0                 Ha: diff != 0                 Ha: diff > 0
 Pr(T < t) = {res}0.6541         {txt}Pr(|T| > |t|) = {res}0.6918          {txt}Pr(T > t) = {res}0.3459

{com}. ttest tomatoes, by(neonics)

{txt}Two-sample t test with equal variances
{hline 9}{c TT}{hline 68}
   Group{col 10}{c |}{col 16}Obs{col 27}Mean{col 35}Std. Err.{col 47}Std. Dev.{col 59}[95% Conf. Interval]
{hline 9}{c +}{hline 68}
       0 {c |}{res}{col 12}    569{col 22} 4863.093{col 34} 2695.851{col 46} 64306.07{col 58}-431.9602{col 70} 10158.15
       {txt}1 {c |}{res}{col 12}     32{col 22} 11981.25{col 34} 10520.77{col 46} 59514.45{col 58}-9475.998{col 70}  33438.5
{txt}{hline 9}{c +}{hline 68}
combined {c |}{res}{col 12}    601{col 22} 5242.097{col 34} 2611.979{col 46} 64033.45{col 58} 112.3638{col 70} 10371.83
{txt}{hline 9}{c +}{hline 68}
    diff {c |}{res}{col 22}-7118.157{col 34} 11639.64{col 58}-29977.63{col 70} 15741.32
{txt}{hline 9}{c BT}{hline 68}
    diff = mean({res}0{txt}) - mean({res}1{txt})                                      t = {res} -0.6115
{txt}Ho: diff = 0                                     degrees of freedom = {res}     599

    {txt}Ha: diff < 0                 Ha: diff != 0                 Ha: diff > 0
 Pr(T < t) = {res}0.2705         {txt}Pr(|T| > |t|) = {res}0.5411          {txt}Pr(T > t) = {res}0.7295

{com}. ttest tobacco, by(neonics)

{txt}Two-sample t test with equal variances
{hline 9}{c TT}{hline 68}
   Group{col 10}{c |}{col 16}Obs{col 27}Mean{col 35}Std. Err.{col 47}Std. Dev.{col 59}[95% Conf. Interval]
{hline 9}{c +}{hline 68}
       0 {c |}{res}{col 12}    569{col 22} 2500.703{col 34} 1521.441{col 46} 36292.03{col 58}-487.6344{col 70}  5489.04
       {txt}1 {c |}{res}{col 12}     32{col 22}  25087.5{col 34} 24885.05{col 46} 140771.1{col 58} -25665.9{col 70}  75840.9
{txt}{hline 9}{c +}{hline 68}
combined {c |}{res}{col 12}    601{col 22} 3703.328{col 34} 1954.762{col 46} 47921.59{col 58}-135.6799{col 70} 7542.335
{txt}{hline 9}{c +}{hline 68}
    diff {c |}{res}{col 22} -22586.8{col 34} 8664.629{col 58}-39603.54{col 70}-5570.053
{txt}{hline 9}{c BT}{hline 68}
    diff = mean({res}0{txt}) - mean({res}1{txt})                                      t = {res} -2.6068
{txt}Ho: diff = 0                                     degrees of freedom = {res}     599

    {txt}Ha: diff < 0                 Ha: diff != 0                 Ha: diff > 0
 Pr(T < t) = {res}0.0047         {txt}Pr(|T| > |t|) = {res}0.0094          {txt}Pr(T > t) = {res}0.9953

{com}. ttest pumpkin, by(neonics)

{txt}Two-sample t test with equal variances
{hline 9}{c TT}{hline 68}
   Group{col 10}{c |}{col 16}Obs{col 27}Mean{col 35}Std. Err.{col 47}Std. Dev.{col 59}[95% Conf. Interval]
{hline 9}{c +}{hline 68}
       0 {c |}{res}{col 12}    569{col 22} 3307.381{col 34} 1782.986{col 46} 42530.86{col 58}-194.6699{col 70} 6809.433
       {txt}1 {c |}{res}{col 12}     32{col 22}  534.375{col 34} 322.9342{col 46} 1826.792{col 58}-124.2536{col 70} 1193.004
{txt}{hline 9}{c +}{hline 68}
combined {c |}{res}{col 12}    601{col 22} 3159.734{col 34} 1688.249{col 46} 41387.94{col 58}-155.8619{col 70} 6475.329
{txt}{hline 9}{c +}{hline 68}
    diff {c |}{res}{col 22} 2773.006{col 34} 7524.764{col 58}-12005.12{col 70} 17551.13
{txt}{hline 9}{c BT}{hline 68}
    diff = mean({res}0{txt}) - mean({res}1{txt})                                      t = {res}  0.3685
{txt}Ho: diff = 0                                     degrees of freedom = {res}     599

    {txt}Ha: diff < 0                 Ha: diff != 0                 Ha: diff > 0
 Pr(T < t) = {res}0.6437         {txt}Pr(|T| > |t|) = {res}0.7126          {txt}Pr(T > t) = {res}0.3563

{com}. ttest strawberries, by(neonics)

{txt}Two-sample t test with equal variances
{hline 9}{c TT}{hline 68}
   Group{col 10}{c |}{col 16}Obs{col 27}Mean{col 35}Std. Err.{col 47}Std. Dev.{col 59}[95% Conf. Interval]
{hline 9}{c +}{hline 68}
       0 {c |}{res}{col 12}    569{col 22} 1728.822{col 34} 1100.203{col 46} 26243.94{col 58} -432.141{col 70} 3889.786
       {txt}1 {c |}{res}{col 12}     32{col 22} 27478.13{col 34}  27304.3{col 46} 154456.5{col 58}-28209.37{col 70} 83165.62
{txt}{hline 9}{c +}{hline 68}
combined {c |}{res}{col 12}    601{col 22} 3099.834{col 34} 1786.477{col 46} 43796.02{col 58}-408.6741{col 70} 6608.341
{txt}{hline 9}{c +}{hline 68}
    diff {c |}{res}{col 22} -25749.3{col 34} 7893.678{col 58}-41251.95{col 70}-10246.65
{txt}{hline 9}{c BT}{hline 68}
    diff = mean({res}0{txt}) - mean({res}1{txt})                                      t = {res} -3.2620
{txt}Ho: diff = 0                                     degrees of freedom = {res}     599

    {txt}Ha: diff < 0                 Ha: diff != 0                 Ha: diff > 0
 Pr(T < t) = {res}0.0006         {txt}Pr(|T| > |t|) = {res}0.0012          {txt}Pr(T > t) = {res}0.9994

{com}. ttest squash, by(neonics)

{txt}Two-sample t test with equal variances
{hline 9}{c TT}{hline 68}
   Group{col 10}{c |}{col 16}Obs{col 27}Mean{col 35}Std. Err.{col 47}Std. Dev.{col 59}[95% Conf. Interval]
{hline 9}{c +}{hline 68}
       0 {c |}{res}{col 12}    569{col 22} 2933.369{col 34} 1382.133{col 46} 32969.01{col 58} 218.6538{col 70} 5648.084
       {txt}1 {c |}{res}{col 12}     32{col 22}   1462.5{col 34} 1086.415{col 46} 6145.691{col 58}-753.2578{col 70} 3678.258
{txt}{hline 9}{c +}{hline 68}
combined {c |}{res}{col 12}    601{col 22} 2855.053{col 34}  1309.79{col 46} 32109.89{col 58} 282.7231{col 70} 5427.383
{txt}{hline 9}{c +}{hline 68}
    diff {c |}{res}{col 22} 1470.869{col 34}  5838.27{col 58}-9995.098{col 70} 12936.84
{txt}{hline 9}{c BT}{hline 68}
    diff = mean({res}0{txt}) - mean({res}1{txt})                                      t = {res}  0.2519
{txt}Ho: diff = 0                                     degrees of freedom = {res}     599

    {txt}Ha: diff < 0                 Ha: diff != 0                 Ha: diff > 0
 Pr(T < t) = {res}0.5994         {txt}Pr(|T| > |t|) = {res}0.8012          {txt}Pr(T > t) = {res}0.4006

{com}. ttest peaches, by(neonics)

{txt}Two-sample t test with equal variances
{hline 9}{c TT}{hline 68}
   Group{col 10}{c |}{col 16}Obs{col 27}Mean{col 35}Std. Err.{col 47}Std. Dev.{col 59}[95% Conf. Interval]
{hline 9}{c +}{hline 68}
       0 {c |}{res}{col 12}    569{col 22} 2461.337{col 34} 1136.188{col 46} 27102.32{col 58} 229.6934{col 70}  4692.98
       {txt}1 {c |}{res}{col 12}     32{col 22}     7425{col 34} 5582.745{col 46} 31580.77{col 58}-3961.083{col 70} 18811.08
{txt}{hline 9}{c +}{hline 68}
combined {c |}{res}{col 12}    601{col 22} 2725.625{col 34} 1115.713{col 46} 27352.04{col 58} 534.4479{col 70} 4916.802
{txt}{hline 9}{c +}{hline 68}
    diff {c |}{res}{col 22}-4963.663{col 34} 4969.316{col 58}-14723.06{col 70} 4795.736
{txt}{hline 9}{c BT}{hline 68}
    diff = mean({res}0{txt}) - mean({res}1{txt})                                      t = {res} -0.9989
{txt}Ho: diff = 0                                     degrees of freedom = {res}     599

    {txt}Ha: diff < 0                 Ha: diff != 0                 Ha: diff > 0
 Pr(T < t) = {res}0.1591         {txt}Pr(|T| > |t|) = {res}0.3183          {txt}Pr(T > t) = {res}0.8409

{com}. ttest greens, by(insect)

{txt}Two-sample t test with equal variances
{hline 9}{c TT}{hline 68}
   Group{col 10}{c |}{col 16}Obs{col 27}Mean{col 35}Std. Err.{col 47}Std. Dev.{col 59}[95% Conf. Interval]
{hline 9}{c +}{hline 68}
       0 {c |}{res}{col 12}    386{col 22} 2357.254{col 34} 2064.725{col 46}  40565.4{col 58}-1702.294{col 70} 6416.801
       {txt}1 {c |}{res}{col 12}    215{col 22} 2934.419{col 34}  2418.47{col 46} 35461.73{col 58}-1832.654{col 70} 7701.492
{txt}{hline 9}{c +}{hline 68}
combined {c |}{res}{col 12}    601{col 22} 2563.727{col 34} 1582.187{col 46} 38787.79{col 58}-543.5707{col 70} 5671.025
{txt}{hline 9}{c +}{hline 68}
    diff {c |}{res}{col 22}-577.1647{col 34} 3303.472{col 58}-7064.959{col 70}  5910.63
{txt}{hline 9}{c BT}{hline 68}
    diff = mean({res}0{txt}) - mean({res}1{txt})                                      t = {res} -0.1747
{txt}Ho: diff = 0                                     degrees of freedom = {res}     599

    {txt}Ha: diff < 0                 Ha: diff != 0                 Ha: diff > 0
 Pr(T < t) = {res}0.4307         {txt}Pr(|T| > |t|) = {res}0.8614          {txt}Pr(T > t) = {res}0.5693

{com}. ttest onions, by(insect)

{txt}Two-sample t test with equal variances
{hline 9}{c TT}{hline 68}
   Group{col 10}{c |}{col 16}Obs{col 27}Mean{col 35}Std. Err.{col 47}Std. Dev.{col 59}[95% Conf. Interval]
{hline 9}{c +}{hline 68}
       0 {c |}{res}{col 12}    386{col 22} 729.7927{col 34} 381.1332{col 46}  7488.08{col 58} -19.5704{col 70} 1479.156
       {txt}1 {c |}{res}{col 12}    215{col 22} 4809.767{col 34} 2438.684{col 46} 35758.13{col 58}  2.84966{col 70} 9616.685
{txt}{hline 9}{c +}{hline 68}
combined {c |}{res}{col 12}    601{col 22} 2189.351{col 34} 908.3269{col 46} 22267.91{col 58} 405.4645{col 70} 3973.238
{txt}{hline 9}{c +}{hline 68}
    diff {c |}{res}{col 22}-4079.975{col 34} 1889.217{col 58}-7790.268{col 70}-369.6809
{txt}{hline 9}{c BT}{hline 68}
    diff = mean({res}0{txt}) - mean({res}1{txt})                                      t = {res} -2.1596
{txt}Ho: diff = 0                                     degrees of freedom = {res}     599

    {txt}Ha: diff < 0                 Ha: diff != 0                 Ha: diff > 0
 Pr(T < t) = {res}0.0156         {txt}Pr(|T| > |t|) = {res}0.0312          {txt}Pr(T > t) = {res}0.9844

{com}. ttest sweet_p, by(insect)

{txt}Two-sample t test with equal variances
{hline 9}{c TT}{hline 68}
   Group{col 10}{c |}{col 16}Obs{col 27}Mean{col 35}Std. Err.{col 47}Std. Dev.{col 59}[95% Conf. Interval]
{hline 9}{c +}{hline 68}
       0 {c |}{res}{col 12}    386{col 22}  692.487{col 34}  423.943{col 46} 8329.158{col 58}-141.0463{col 70}  1526.02
       {txt}1 {c |}{res}{col 12}    215{col 22} 4854.632{col 34} 3963.846{col 46}  58121.4{col 58} -2958.55{col 70} 12667.81
{txt}{hline 9}{c +}{hline 68}
combined {c |}{res}{col 12}    601{col 22} 2181.441{col 34}  1444.11{col 46} 35402.78{col 58}-654.6831{col 70} 5017.565
{txt}{hline 9}{c +}{hline 68}
    diff {c |}{res}{col 22}-4162.145{col 34} 3010.455{col 58}-10074.47{col 70} 1750.184
{txt}{hline 9}{c BT}{hline 68}
    diff = mean({res}0{txt}) - mean({res}1{txt})                                      t = {res} -1.3826
{txt}Ho: diff = 0                                     degrees of freedom = {res}     599

    {txt}Ha: diff < 0                 Ha: diff != 0                 Ha: diff > 0
 Pr(T < t) = {res}0.0837         {txt}Pr(|T| > |t|) = {res}0.1673          {txt}Pr(T > t) = {res}0.9163

{com}. ttest pista, by(insect)

{txt}Two-sample t test with equal variances
{hline 9}{c TT}{hline 68}
   Group{col 10}{c |}{col 16}Obs{col 27}Mean{col 35}Std. Err.{col 47}Std. Dev.{col 59}[95% Conf. Interval]
{hline 9}{c +}{hline 68}
       0 {c |}{res}{col 12}    386{col 22} 1876.943{col 34} 1637.678{col 46} 32175.27{col 58}-1342.969{col 70} 5096.855
       {txt}1 {c |}{res}{col 12}    215{col 22} 2665.814{col 34}   948.79{col 46} 13911.99{col 58} 795.6434{col 70} 4535.985
{txt}{hline 9}{c +}{hline 68}
combined {c |}{res}{col 12}    601{col 22} 2159.151{col 34} 1104.715{col 46} 27082.42{col 58} -10.4269{col 70}  4328.73
{txt}{hline 9}{c +}{hline 68}
    diff {c |}{res}{col 22}-788.8709{col 34} 2306.384{col 58}-5318.454{col 70} 3740.712
{txt}{hline 9}{c BT}{hline 68}
    diff = mean({res}0{txt}) - mean({res}1{txt})                                      t = {res} -0.3420
{txt}Ho: diff = 0                                     degrees of freedom = {res}     599

    {txt}Ha: diff < 0                 Ha: diff != 0                 Ha: diff > 0
 Pr(T < t) = {res}0.3662         {txt}Pr(|T| > |t|) = {res}0.7324          {txt}Pr(T > t) = {res}0.6338

{com}. ttest pears, by(insect)

{txt}Two-sample t test with equal variances
{hline 9}{c TT}{hline 68}
   Group{col 10}{c |}{col 16}Obs{col 27}Mean{col 35}Std. Err.{col 47}Std. Dev.{col 59}[95% Conf. Interval]
{hline 9}{c +}{hline 68}
       0 {c |}{res}{col 12}    386{col 22} 6.994819{col 34}  5.20821{col 46} 102.3251{col 58}-3.245277{col 70} 17.23491
       {txt}1 {c |}{res}{col 12}    215{col 22}  3800.93{col 34} 2172.239{col 46} 31851.27{col 58}-480.7936{col 70} 8082.654
{txt}{hline 9}{c +}{hline 68}
combined {c |}{res}{col 12}    601{col 22} 1364.226{col 34} 779.4778{col 46} 19109.13{col 58}-166.6101{col 70} 2895.063
{txt}{hline 9}{c +}{hline 68}
    diff {c |}{res}{col 22}-3793.935{col 34} 1620.125{col 58}-6975.752{col 70}-612.1191
{txt}{hline 9}{c BT}{hline 68}
    diff = mean({res}0{txt}) - mean({res}1{txt})                                      t = {res} -2.3418
{txt}Ho: diff = 0                                     degrees of freedom = {res}     599

    {txt}Ha: diff < 0                 Ha: diff != 0                 Ha: diff > 0
 Pr(T < t) = {res}0.0098         {txt}Pr(|T| > |t|) = {res}0.0195          {txt}Pr(T > t) = {res}0.9902

{com}. ttest aspa, by(insect)

{txt}Two-sample t test with equal variances
{hline 9}{c TT}{hline 68}
   Group{col 10}{c |}{col 16}Obs{col 27}Mean{col 35}Std. Err.{col 47}Std. Dev.{col 59}[95% Conf. Interval]
{hline 9}{c +}{hline 68}
       0 {c |}{res}{col 12}    386{col 22} 114.2487{col 34} 63.11197{col 46} 1239.954{col 58}-9.838574{col 70}  238.336
       {txt}1 {c |}{res}{col 12}    215{col 22} 2741.856{col 34} 1922.321{col 46} 28186.76{col 58}-1047.253{col 70} 6530.965
{txt}{hline 9}{c +}{hline 68}
combined {c |}{res}{col 12}    601{col 22} 1054.241{col 34} 689.7695{col 46} 16909.91{col 58}-300.4147{col 70} 2408.897
{txt}{hline 9}{c +}{hline 68}
    diff {c |}{res}{col 22}-2627.607{col 34} 1436.209{col 58}-5448.225{col 70} 193.0105
{txt}{hline 9}{c BT}{hline 68}
    diff = mean({res}0{txt}) - mean({res}1{txt})                                      t = {res} -1.8295
{txt}Ho: diff = 0                                     degrees of freedom = {res}     599

    {txt}Ha: diff < 0                 Ha: diff != 0                 Ha: diff > 0
 Pr(T < t) = {res}0.0339         {txt}Pr(|T| > |t|) = {res}0.0678          {txt}Pr(T > t) = {res}0.9661

{com}. ttest peppers, by(insect)

{txt}Two-sample t test with equal variances
{hline 9}{c TT}{hline 68}
   Group{col 10}{c |}{col 16}Obs{col 27}Mean{col 35}Std. Err.{col 47}Std. Dev.{col 59}[95% Conf. Interval]
{hline 9}{c +}{hline 68}
       0 {c |}{res}{col 12}    386{col 22} 18.65285{col 34} 10.90905{col 46} 214.3289{col 58}-2.795931{col 70} 40.10163
       {txt}1 {c |}{res}{col 12}    215{col 22} 1417.615{col 34} 849.0844{col 46} 12450.02{col 58}-256.0251{col 70} 3091.254
{txt}{hline 9}{c +}{hline 68}
combined {c |}{res}{col 12}    601{col 22} 519.1134{col 34} 304.6077{col 46}  7467.55{col 58} -79.1135{col 70}  1117.34
{txt}{hline 9}{c +}{hline 68}
    diff {c |}{res}{col 22}-1398.962{col 34} 633.4373{col 58} -2642.99{col 70}-154.9338
{txt}{hline 9}{c BT}{hline 68}
    diff = mean({res}0{txt}) - mean({res}1{txt})                                      t = {res} -2.2085
{txt}Ho: diff = 0                                     degrees of freedom = {res}     599

    {txt}Ha: diff < 0                 Ha: diff != 0                 Ha: diff > 0
 Pr(T < t) = {res}0.0138         {txt}Pr(|T| > |t|) = {res}0.0276          {txt}Pr(T > t) = {res}0.9862

{com}. ttest canta, by(insect)

{txt}Two-sample t test with equal variances
{hline 9}{c TT}{hline 68}
   Group{col 10}{c |}{col 16}Obs{col 27}Mean{col 35}Std. Err.{col 47}Std. Dev.{col 59}[95% Conf. Interval]
{hline 9}{c +}{hline 68}
       0 {c |}{res}{col 12}    386{col 22} 282.1244{col 34} 225.7611{col 46} 4435.502{col 58}-161.7547{col 70} 726.0034
       {txt}1 {c |}{res}{col 12}    215{col 22} 925.1163{col 34} 426.6926{col 46} 6256.542{col 58} 84.05763{col 70} 1766.175
{txt}{hline 9}{c +}{hline 68}
combined {c |}{res}{col 12}    601{col 22} 512.1464{col 34} 210.6979{col 46} 5165.324{col 58} 98.35132{col 70} 925.9415
{txt}{hline 9}{c +}{hline 68}
    diff {c |}{res}{col 22}-642.9919{col 34} 439.1454{col 58}-1505.444{col 70} 219.4598
{txt}{hline 9}{c BT}{hline 68}
    diff = mean({res}0{txt}) - mean({res}1{txt})                                      t = {res} -1.4642
{txt}Ho: diff = 0                                     degrees of freedom = {res}     599

    {txt}Ha: diff < 0                 Ha: diff != 0                 Ha: diff > 0
 Pr(T < t) = {res}0.0718         {txt}Pr(|T| > |t|) = {res}0.1437          {txt}Pr(T > t) = {res}0.9282

{com}. ttest lettuce, by(insect)

{txt}Two-sample t test with equal variances
{hline 9}{c TT}{hline 68}
   Group{col 10}{c |}{col 16}Obs{col 27}Mean{col 35}Std. Err.{col 47}Std. Dev.{col 59}[95% Conf. Interval]
{hline 9}{c +}{hline 68}
       0 {c |}{res}{col 12}    386{col 22} 32.64249{col 34} 25.94408{col 46} 509.7203{col 58}-18.36733{col 70} 83.65231
       {txt}1 {c |}{res}{col 12}    215{col 22} 602.7907{col 34} 590.2478{col 46} 8654.732{col 58}-560.6534{col 70} 1766.235
{txt}{hline 9}{c +}{hline 68}
combined {c |}{res}{col 12}    601{col 22} 236.6057{col 34} 211.7883{col 46} 5192.054{col 58}-179.3308{col 70} 652.5421
{txt}{hline 9}{c +}{hline 68}
    diff {c |}{res}{col 22}-570.1482{col 34} 441.5931{col 58}-1437.407{col 70} 297.1108
{txt}{hline 9}{c BT}{hline 68}
    diff = mean({res}0{txt}) - mean({res}1{txt})                                      t = {res} -1.2911
{txt}Ho: diff = 0                                     degrees of freedom = {res}     599

    {txt}Ha: diff < 0                 Ha: diff != 0                 Ha: diff > 0
 Pr(T < t) = {res}0.0986         {txt}Pr(|T| > |t|) = {res}0.1972          {txt}Pr(T > t) = {res}0.9014

{com}. ttest greens, by(herb)

{txt}Two-sample t test with equal variances
{hline 9}{c TT}{hline 68}
   Group{col 10}{c |}{col 16}Obs{col 27}Mean{col 35}Std. Err.{col 47}Std. Dev.{col 59}[95% Conf. Interval]
{hline 9}{c +}{hline 68}
       0 {c |}{res}{col 12}    519{col 22} 445.6647{col 34} 233.6006{col 46}  5321.79{col 58}-13.25636{col 70} 904.5858
       {txt}1 {c |}{res}{col 12}     82{col 22} 15969.51{col 34} 11451.17{col 46} 103694.7{col 58}-6814.718{col 70} 38753.74
{txt}{hline 9}{c +}{hline 68}
combined {c |}{res}{col 12}    601{col 22} 2563.727{col 34} 1582.187{col 46} 38787.79{col 58}-543.5707{col 70} 5671.025
{txt}{hline 9}{c +}{hline 68}
    diff {c |}{res}{col 22}-15523.85{col 34} 4569.404{col 58}-24497.85{col 70}-6549.847
{txt}{hline 9}{c BT}{hline 68}
    diff = mean({res}0{txt}) - mean({res}1{txt})                                      t = {res} -3.3973
{txt}Ho: diff = 0                                     degrees of freedom = {res}     599

    {txt}Ha: diff < 0                 Ha: diff != 0                 Ha: diff > 0
 Pr(T < t) = {res}0.0004         {txt}Pr(|T| > |t|) = {res}0.0007          {txt}Pr(T > t) = {res}0.9996

{com}. ttest onions, by(hort)
{err}variable hort not found
(error in option {bf:by()})
{txt}{search r(111):r(111);}

{com}. ttest onions, by(herb)

{txt}Two-sample t test with equal variances
{hline 9}{c TT}{hline 68}
   Group{col 10}{c |}{col 16}Obs{col 27}Mean{col 35}Std. Err.{col 47}Std. Dev.{col 59}[95% Conf. Interval]
{hline 9}{c +}{hline 68}
       0 {c |}{res}{col 12}    519{col 22} 2478.035{col 34} 1050.586{col 46}    23934{col 58} 414.1014{col 70} 4541.968
       {txt}1 {c |}{res}{col 12}     82{col 22} 362.1951{col 34}   265.89{col 46} 2407.737{col 58}-166.8426{col 70} 891.2329
{txt}{hline 9}{c +}{hline 68}
combined {c |}{res}{col 12}    601{col 22} 2189.351{col 34} 908.3269{col 46} 22267.91{col 58} 405.4645{col 70} 3973.238
{txt}{hline 9}{c +}{hline 68}
    diff {c |}{res}{col 22}  2115.84{col 34} 2647.017{col 58}-3082.723{col 70} 7314.402
{txt}{hline 9}{c BT}{hline 68}
    diff = mean({res}0{txt}) - mean({res}1{txt})                                      t = {res}  0.7993
{txt}Ho: diff = 0                                     degrees of freedom = {res}     599

    {txt}Ha: diff < 0                 Ha: diff != 0                 Ha: diff > 0
 Pr(T < t) = {res}0.7878         {txt}Pr(|T| > |t|) = {res}0.4244          {txt}Pr(T > t) = {res}0.2122

{com}. ttest sweet_p, by(herb)

{txt}Two-sample t test with equal variances
{hline 9}{c TT}{hline 68}
   Group{col 10}{c |}{col 16}Obs{col 27}Mean{col 35}Std. Err.{col 47}Std. Dev.{col 59}[95% Conf. Interval]
{hline 9}{c +}{hline 68}
       0 {c |}{res}{col 12}    519{col 22} 2290.262{col 34} 1657.109{col 46} 37751.54{col 58}-965.2178{col 70} 5545.741
       {txt}1 {c |}{res}{col 12}     82{col 22} 1492.683{col 34} 1437.581{col 46} 13017.85{col 58}-1367.652{col 70} 4353.018
{txt}{hline 9}{c +}{hline 68}
combined {c |}{res}{col 12}    601{col 22} 2181.441{col 34}  1444.11{col 46} 35402.78{col 58}-654.6831{col 70} 5017.565
{txt}{hline 9}{c +}{hline 68}
    diff {c |}{res}{col 22} 797.5789{col 34} 4210.496{col 58}-7471.549{col 70} 9066.707
{txt}{hline 9}{c BT}{hline 68}
    diff = mean({res}0{txt}) - mean({res}1{txt})                                      t = {res}  0.1894
{txt}Ho: diff = 0                                     degrees of freedom = {res}     599

    {txt}Ha: diff < 0                 Ha: diff != 0                 Ha: diff > 0
 Pr(T < t) = {res}0.5751         {txt}Pr(|T| > |t|) = {res}0.8498          {txt}Pr(T > t) = {res}0.4249

{com}. ttest pista, by(herb)

{txt}Two-sample t test with equal variances
{hline 9}{c TT}{hline 68}
   Group{col 10}{c |}{col 16}Obs{col 27}Mean{col 35}Std. Err.{col 47}Std. Dev.{col 59}[95% Conf. Interval]
{hline 9}{c +}{hline 68}
       0 {c |}{res}{col 12}    519{col 22} 1566.763{col 34} 1226.927{col 46} 27951.33{col 58}-843.6021{col 70} 3977.128
       {txt}1 {c |}{res}{col 12}     82{col 22} 5908.537{col 34} 2263.782{col 46} 20499.41{col 58} 1404.321{col 70} 10412.75
{txt}{hline 9}{c +}{hline 68}
combined {c |}{res}{col 12}    601{col 22} 2159.151{col 34} 1104.715{col 46} 27082.42{col 58} -10.4269{col 70}  4328.73
{txt}{hline 9}{c +}{hline 68}
    diff {c |}{res}{col 22}-4341.774{col 34} 3216.153{col 58}-10658.08{col 70} 1974.533
{txt}{hline 9}{c BT}{hline 68}
    diff = mean({res}0{txt}) - mean({res}1{txt})                                      t = {res} -1.3500
{txt}Ho: diff = 0                                     degrees of freedom = {res}     599

    {txt}Ha: diff < 0                 Ha: diff != 0                 Ha: diff > 0
 Pr(T < t) = {res}0.0888         {txt}Pr(|T| > |t|) = {res}0.1775          {txt}Pr(T > t) = {res}0.9112

{com}. ttest pears, by(herb)

{txt}Two-sample t test with equal variances
{hline 9}{c TT}{hline 68}
   Group{col 10}{c |}{col 16}Obs{col 27}Mean{col 35}Std. Err.{col 47}Std. Dev.{col 59}[95% Conf. Interval]
{hline 9}{c +}{hline 68}
       0 {c |}{res}{col 12}    519{col 22} 1578.035{col 34} 902.3911{col 46} 20557.89{col 58}-194.7616{col 70} 3350.831
       {txt}1 {c |}{res}{col 12}     82{col 22} 10.97561{col 34} 10.97561{col 46} 99.38837{col 58}-10.86241{col 70} 32.81363
{txt}{hline 9}{c +}{hline 68}
combined {c |}{res}{col 12}    601{col 22} 1364.226{col 34} 779.4778{col 46} 19109.13{col 58}-166.6101{col 70} 2895.063
{txt}{hline 9}{c +}{hline 68}
    diff {c |}{res}{col 22} 1567.059{col 34} 2271.838{col 58}-2894.677{col 70} 6028.795
{txt}{hline 9}{c BT}{hline 68}
    diff = mean({res}0{txt}) - mean({res}1{txt})                                      t = {res}  0.6898
{txt}Ho: diff = 0                                     degrees of freedom = {res}     599

    {txt}Ha: diff < 0                 Ha: diff != 0                 Ha: diff > 0
 Pr(T < t) = {res}0.7547         {txt}Pr(|T| > |t|) = {res}0.4906          {txt}Pr(T > t) = {res}0.2453

{com}. ttest aspa, by(herb)

{txt}Two-sample t test with equal variances
{hline 9}{c TT}{hline 68}
   Group{col 10}{c |}{col 16}Obs{col 27}Mean{col 35}Std. Err.{col 47}Std. Dev.{col 59}[95% Conf. Interval]
{hline 9}{c +}{hline 68}
       0 {c |}{res}{col 12}    519{col 22} 1180.923{col 34} 797.7273{col 46} 18173.48{col 58}-386.2555{col 70} 2748.102
       {txt}1 {c |}{res}{col 12}     82{col 22}  252.439{col 34}  252.439{col 46} 2285.933{col 58}-249.8354{col 70} 754.7135
{txt}{hline 9}{c +}{hline 68}
combined {c |}{res}{col 12}    601{col 22} 1054.241{col 34} 689.7695{col 46} 16909.91{col 58}-300.4147{col 70} 2408.897
{txt}{hline 9}{c +}{hline 68}
    diff {c |}{res}{col 22}  928.484{col 34} 2010.818{col 58}-3020.627{col 70} 4877.595
{txt}{hline 9}{c BT}{hline 68}
    diff = mean({res}0{txt}) - mean({res}1{txt})                                      t = {res}  0.4617
{txt}Ho: diff = 0                                     degrees of freedom = {res}     599

    {txt}Ha: diff < 0                 Ha: diff != 0                 Ha: diff > 0
 Pr(T < t) = {res}0.6778         {txt}Pr(|T| > |t|) = {res}0.6444          {txt}Pr(T > t) = {res}0.3222

{com}. ttest peppers, by(herb)

{txt}Two-sample t test with equal variances
{hline 9}{c TT}{hline 68}
   Group{col 10}{c |}{col 16}Obs{col 27}Mean{col 35}Std. Err.{col 47}Std. Dev.{col 59}[95% Conf. Interval]
{hline 9}{c +}{hline 68}
       0 {c |}{res}{col 12}    519{col 22} 597.6631{col 34} 352.6404{col 46} 8033.702{col 58}-95.11803{col 70} 1290.444
       {txt}1 {c |}{res}{col 12}     82{col 22} 21.95122{col 34} 21.95122{col 46} 198.7767{col 58}-21.72482{col 70} 65.62726
{txt}{hline 9}{c +}{hline 68}
combined {c |}{res}{col 12}    601{col 22} 519.1134{col 34} 304.6077{col 46}  7467.55{col 58} -79.1135{col 70}  1117.34
{txt}{hline 9}{c +}{hline 68}
    diff {c |}{res}{col 22} 575.7119{col 34} 887.8398{col 58}-1167.945{col 70} 2319.369
{txt}{hline 9}{c BT}{hline 68}
    diff = mean({res}0{txt}) - mean({res}1{txt})                                      t = {res}  0.6484
{txt}Ho: diff = 0                                     degrees of freedom = {res}     599

    {txt}Ha: diff < 0                 Ha: diff != 0                 Ha: diff > 0
 Pr(T < t) = {res}0.7415         {txt}Pr(|T| > |t|) = {res}0.5169          {txt}Pr(T > t) = {res}0.2585

{com}. ttest canta, by(herb)

{txt}Two-sample t test with equal variances
{hline 9}{c TT}{hline 68}
   Group{col 10}{c |}{col 16}Obs{col 27}Mean{col 35}Std. Err.{col 47}Std. Dev.{col 59}[95% Conf. Interval]
{hline 9}{c +}{hline 68}
       0 {c |}{res}{col 12}    519{col 22} 509.8266{col 34} 231.8901{col 46}  5282.82{col 58} 54.26601{col 70} 965.3872
       {txt}1 {c |}{res}{col 12}     82{col 22} 526.8293{col 34} 483.3701{col 46} 4377.102{col 58}-434.9256{col 70} 1488.584
{txt}{hline 9}{c +}{hline 68}
combined {c |}{res}{col 12}    601{col 22} 512.1464{col 34} 210.6979{col 46} 5165.324{col 58} 98.35132{col 70} 925.9415
{txt}{hline 9}{c +}{hline 68}
    diff {c |}{res}{col 22}-17.00268{col 34} 614.3362{col 58}-1223.517{col 70} 1189.512
{txt}{hline 9}{c BT}{hline 68}
    diff = mean({res}0{txt}) - mean({res}1{txt})                                      t = {res} -0.0277
{txt}Ho: diff = 0                                     degrees of freedom = {res}     599

    {txt}Ha: diff < 0                 Ha: diff != 0                 Ha: diff > 0
 Pr(T < t) = {res}0.4890         {txt}Pr(|T| > |t|) = {res}0.9779          {txt}Pr(T > t) = {res}0.5110

{com}. ttest lettuce, by(herb)

{txt}Two-sample t test with equal variances
{hline 9}{c TT}{hline 68}
   Group{col 10}{c |}{col 16}Obs{col 27}Mean{col 35}Std. Err.{col 47}Std. Dev.{col 59}[95% Conf. Interval]
{hline 9}{c +}{hline 68}
       0 {c |}{res}{col 12}    519{col 22} 270.5202{col 34} 245.2372{col 46} 5586.888{col 58}-211.2615{col 70} 752.3019
       {txt}1 {c |}{res}{col 12}     82{col 22} 21.95122{col 34} 15.42574{col 46} 139.6861{col 58}-8.741174{col 70} 52.64361
{txt}{hline 9}{c +}{hline 68}
combined {c |}{res}{col 12}    601{col 22} 236.6057{col 34} 211.7883{col 46} 5192.054{col 58}-179.3308{col 70} 652.5421
{txt}{hline 9}{c +}{hline 68}
    diff {c |}{res}{col 22}  248.569{col 34} 617.4322{col 58}-964.0261{col 70} 1461.164
{txt}{hline 9}{c BT}{hline 68}
    diff = mean({res}0{txt}) - mean({res}1{txt})                                      t = {res}  0.4026
{txt}Ho: diff = 0                                     degrees of freedom = {res}     599

    {txt}Ha: diff < 0                 Ha: diff != 0                 Ha: diff > 0
 Pr(T < t) = {res}0.6563         {txt}Pr(|T| > |t|) = {res}0.6874          {txt}Pr(T > t) = {res}0.3437

{com}. ttest radishes, by(insect)

{txt}Two-sample t test with equal variances
{hline 9}{c TT}{hline 68}
   Group{col 10}{c |}{col 16}Obs{col 27}Mean{col 35}Std. Err.{col 47}Std. Dev.{col 59}[95% Conf. Interval]
{hline 9}{c +}{hline 68}
       0 {c |}{res}{col 12}    386{col 22} 100.2591{col 34} 66.69901{col 46} 1310.428{col 58}-30.88085{col 70}  231.399
       {txt}1 {c |}{res}{col 12}    214{col 22} 479.4393{col 34} 479.4393{col 46} 7013.592{col 58}-465.6141{col 70} 1424.493
{txt}{hline 9}{c +}{hline 68}
combined {c |}{res}{col 12}    600{col 22}    235.5{col 34} 176.2032{col 46} 4316.079{col 58}-110.5511{col 70} 581.5511
{txt}{hline 9}{c +}{hline 68}
    diff {c |}{res}{col 22}-379.1802{col 34} 367.8254{col 58}-1101.567{col 70} 343.2065
{txt}{hline 9}{c BT}{hline 68}
    diff = mean({res}0{txt}) - mean({res}1{txt})                                      t = {res} -1.0309
{txt}Ho: diff = 0                                     degrees of freedom = {res}     598

    {txt}Ha: diff < 0                 Ha: diff != 0                 Ha: diff > 0
 Pr(T < t) = {res}0.1515         {txt}Pr(|T| > |t|) = {res}0.3030          {txt}Pr(T > t) = {res}0.8485

{com}. ttest carrots, by(insect)

{txt}Two-sample t test with equal variances
{hline 9}{c TT}{hline 68}
   Group{col 10}{c |}{col 16}Obs{col 27}Mean{col 35}Std. Err.{col 47}Std. Dev.{col 59}[95% Conf. Interval]
{hline 9}{c +}{hline 68}
       0 {c |}{res}{col 12}    386{col 22} 181.8653{col 34} 70.66799{col 46} 1388.406{col 58} 42.92179{col 70} 320.8088
       {txt}1 {c |}{res}{col 12}    215{col 22} 230.2326{col 34} 116.4995{col 46} 1708.217{col 58} .5991509{col 70}  459.866
{txt}{hline 9}{c +}{hline 68}
combined {c |}{res}{col 12}    601{col 22} 199.1681{col 34} 61.56873{col 46} 1509.376{col 58} 78.25164{col 70} 320.0845
{txt}{hline 9}{c +}{hline 68}
    diff {c |}{res}{col 22}-48.36727{col 34} 128.5383{col 58}-300.8079{col 70} 204.0733
{txt}{hline 9}{c BT}{hline 68}
    diff = mean({res}0{txt}) - mean({res}1{txt})                                      t = {res} -0.3763
{txt}Ho: diff = 0                                     degrees of freedom = {res}     599

    {txt}Ha: diff < 0                 Ha: diff != 0                 Ha: diff > 0
 Pr(T < t) = {res}0.3534         {txt}Pr(|T| > |t|) = {res}0.7068          {txt}Pr(T > t) = {res}0.6466

{com}. ttest poma, by(insect)
{err}variable poma not found
{txt}{search r(111):r(111);}

{com}. ttest pomo, by(insect)
{err}variable pomo not found
{txt}{search r(111):r(111);}

{com}. ttest pome, by(insect)

{txt}Two-sample t test with equal variances
{hline 9}{c TT}{hline 68}
   Group{col 10}{c |}{col 16}Obs{col 27}Mean{col 35}Std. Err.{col 47}Std. Dev.{col 59}[95% Conf. Interval]
{hline 9}{c +}{hline 68}
       0 {c |}{res}{col 12}    386{col 22} 135.2332{col 34}  110.773{col 46} 2176.343{col 58} -82.5625{col 70} 353.0288
       {txt}1 {c |}{res}{col 12}    214{col 22} 210.2804{col 34} 193.7427{col 46} 2834.212{col 58}-171.6183{col 70} 592.1791
{txt}{hline 9}{c +}{hline 68}
combined {c |}{res}{col 12}    600{col 22}      162{col 34} 99.17991{col 46} 2429.402{col 58}-32.78262{col 70} 356.7826
{txt}{hline 9}{c +}{hline 68}
    diff {c |}{res}{col 22}-75.04721{col 34} 207.1999{col 58}-481.9752{col 70} 331.8808
{txt}{hline 9}{c BT}{hline 68}
    diff = mean({res}0{txt}) - mean({res}1{txt})                                      t = {res} -0.3622
{txt}Ho: diff = 0                                     degrees of freedom = {res}     598

    {txt}Ha: diff < 0                 Ha: diff != 0                 Ha: diff > 0
 Pr(T < t) = {res}0.3587         {txt}Pr(|T| > |t|) = {res}0.7173          {txt}Pr(T > t) = {res}0.6413

{com}. ttest greens, by(fungi)

{txt}Two-sample t test with equal variances
{hline 9}{c TT}{hline 68}
   Group{col 10}{c |}{col 16}Obs{col 27}Mean{col 35}Std. Err.{col 47}Std. Dev.{col 59}[95% Conf. Interval]
{hline 9}{c +}{hline 68}
       0 {c |}{res}{col 12}    467{col 22}  385.439{col 34} 251.1477{col 46} 5427.347{col 58}-108.0832{col 70} 878.9612
       {txt}1 {c |}{res}{col 12}    134{col 22} 10155.22{col 34} 7023.019{col 46} 81297.32{col 58}-3736.035{col 70} 24046.48
{txt}{hline 9}{c +}{hline 68}
combined {c |}{res}{col 12}    601{col 22} 2563.727{col 34} 1582.187{col 46} 38787.79{col 58}-543.5707{col 70} 5671.025
{txt}{hline 9}{c +}{hline 68}
    diff {c |}{res}{col 22}-9769.785{col 34} 3783.378{col 58}-17200.08{col 70}-2339.487
{txt}{hline 9}{c BT}{hline 68}
    diff = mean({res}0{txt}) - mean({res}1{txt})                                      t = {res} -2.5823
{txt}Ho: diff = 0                                     degrees of freedom = {res}     599

    {txt}Ha: diff < 0                 Ha: diff != 0                 Ha: diff > 0
 Pr(T < t) = {res}0.0050         {txt}Pr(|T| > |t|) = {res}0.0101          {txt}Pr(T > t) = {res}0.9950

{com}. ttest onions, by(fungi)

{txt}Two-sample t test with equal variances
{hline 9}{c TT}{hline 68}
   Group{col 10}{c |}{col 16}Obs{col 27}Mean{col 35}Std. Err.{col 47}Std. Dev.{col 59}[95% Conf. Interval]
{hline 9}{c +}{hline 68}
       0 {c |}{res}{col 12}    467{col 22} 2711.563{col 34} 1166.433{col 46} 25206.83{col 58} 419.4438{col 70} 5003.683
       {txt}1 {c |}{res}{col 12}    134{col 22}  369.403{col 34} 219.1208{col 46} 2536.507{col 58}-64.00957{col 70} 802.8155
{txt}{hline 9}{c +}{hline 68}
combined {c |}{res}{col 12}    601{col 22} 2189.351{col 34} 908.3269{col 46} 22267.91{col 58} 405.4645{col 70} 3973.238
{txt}{hline 9}{c +}{hline 68}
    diff {c |}{res}{col 22}  2342.16{col 34}  2181.98{col 58}-1943.101{col 70} 6627.421
{txt}{hline 9}{c BT}{hline 68}
    diff = mean({res}0{txt}) - mean({res}1{txt})                                      t = {res}  1.0734
{txt}Ho: diff = 0                                     degrees of freedom = {res}     599

    {txt}Ha: diff < 0                 Ha: diff != 0                 Ha: diff > 0
 Pr(T < t) = {res}0.8582         {txt}Pr(|T| > |t|) = {res}0.2835          {txt}Pr(T > t) = {res}0.1418

{com}. ttest sweet_p, by(fungi)

{txt}Two-sample t test with equal variances
{hline 9}{c TT}{hline 68}
   Group{col 10}{c |}{col 16}Obs{col 27}Mean{col 35}Std. Err.{col 47}Std. Dev.{col 59}[95% Conf. Interval]
{hline 9}{c +}{hline 68}
       0 {c |}{res}{col 12}    467{col 22}   583.94{col 34} 350.7141{col 46} 7578.996{col 58}-105.2369{col 70} 1273.117
       {txt}1 {c |}{res}{col 12}    134{col 22}  7748.85{col 34} 6355.625{col 46} 73571.68{col 58} -4822.33{col 70} 20320.03
{txt}{hline 9}{c +}{hline 68}
combined {c |}{res}{col 12}    601{col 22} 2181.441{col 34}  1444.11{col 46} 35402.78{col 58}-654.6831{col 70} 5017.565
{txt}{hline 9}{c +}{hline 68}
    diff {c |}{res}{col 22} -7164.91{col 34} 3460.007{col 58}-13960.13{col 70}-369.6898
{txt}{hline 9}{c BT}{hline 68}
    diff = mean({res}0{txt}) - mean({res}1{txt})                                      t = {res} -2.0708
{txt}Ho: diff = 0                                     degrees of freedom = {res}     599

    {txt}Ha: diff < 0                 Ha: diff != 0                 Ha: diff > 0
 Pr(T < t) = {res}0.0194         {txt}Pr(|T| > |t|) = {res}0.0388          {txt}Pr(T > t) = {res}0.9806

{com}. ttest pista, by(fungi)

{txt}Two-sample t test with equal variances
{hline 9}{c TT}{hline 68}
   Group{col 10}{c |}{col 16}Obs{col 27}Mean{col 35}Std. Err.{col 47}Std. Dev.{col 59}[95% Conf. Interval]
{hline 9}{c +}{hline 68}
       0 {c |}{res}{col 12}    467{col 22} 1790.364{col 34} 1371.523{col 46} 29638.86{col 58}-904.7717{col 70}   4485.5
       {txt}1 {c |}{res}{col 12}    134{col 22} 3444.403{col 34} 1306.612{col 46} 15125.12{col 58}  859.976{col 70}  6028.83
{txt}{hline 9}{c +}{hline 68}
combined {c |}{res}{col 12}    601{col 22} 2159.151{col 34} 1104.715{col 46} 27082.42{col 58} -10.4269{col 70}  4328.73
{txt}{hline 9}{c +}{hline 68}
    diff {c |}{res}{col 22}-1654.039{col 34} 2655.434{col 58}-6869.132{col 70} 3561.054
{txt}{hline 9}{c BT}{hline 68}
    diff = mean({res}0{txt}) - mean({res}1{txt})                                      t = {res} -0.6229
{txt}Ho: diff = 0                                     degrees of freedom = {res}     599

    {txt}Ha: diff < 0                 Ha: diff != 0                 Ha: diff > 0
 Pr(T < t) = {res}0.2668         {txt}Pr(|T| > |t|) = {res}0.5336          {txt}Pr(T > t) = {res}0.7332

{com}. ttest pears, by(fungi)

{txt}Two-sample t test with equal variances
{hline 9}{c TT}{hline 68}
   Group{col 10}{c |}{col 16}Obs{col 27}Mean{col 35}Std. Err.{col 47}Std. Dev.{col 59}[95% Conf. Interval]
{hline 9}{c +}{hline 68}
       0 {c |}{res}{col 12}    467{col 22}  1044.54{col 34} 734.8105{col 46} 15879.39{col 58}-399.4128{col 70} 2488.492
       {txt}1 {c |}{res}{col 12}    134{col 22} 2478.358{col 34} 2385.018{col 46} 27608.58{col 58}-2239.115{col 70} 7195.831
{txt}{hline 9}{c +}{hline 68}
combined {c |}{res}{col 12}    601{col 22} 1364.226{col 34} 779.4778{col 46} 19109.13{col 58}-166.6101{col 70} 2895.063
{txt}{hline 9}{c +}{hline 68}
    diff {c |}{res}{col 22}-1433.819{col 34} 1873.343{col 58}-5112.937{col 70}   2245.3
{txt}{hline 9}{c BT}{hline 68}
    diff = mean({res}0{txt}) - mean({res}1{txt})                                      t = {res} -0.7654
{txt}Ho: diff = 0                                     degrees of freedom = {res}     599

    {txt}Ha: diff < 0                 Ha: diff != 0                 Ha: diff > 0
 Pr(T < t) = {res}0.2222         {txt}Pr(|T| > |t|) = {res}0.4443          {txt}Pr(T > t) = {res}0.7778

{com}. ttest aspa, by(fungi)

{txt}Two-sample t test with equal variances
{hline 9}{c TT}{hline 68}
   Group{col 10}{c |}{col 16}Obs{col 27}Mean{col 35}Std. Err.{col 47}Std. Dev.{col 59}[95% Conf. Interval]
{hline 9}{c +}{hline 68}
       0 {c |}{res}{col 12}    467{col 22} 50.10707{col 34} 27.72722{col 46} 599.1903{col 58}-4.378795{col 70} 104.5929
       {txt}1 {c |}{res}{col 12}    134{col 22} 4553.724{col 34} 3082.014{col 46} 35676.89{col 58} -1542.38{col 70} 10649.83
{txt}{hline 9}{c +}{hline 68}
combined {c |}{res}{col 12}    601{col 22} 1054.241{col 34} 689.7695{col 46} 16909.91{col 58}-300.4147{col 70} 2408.897
{txt}{hline 9}{c +}{hline 68}
    diff {c |}{res}{col 22}-4503.617{col 34} 1648.315{col 58}-7740.797{col 70}-1266.438
{txt}{hline 9}{c BT}{hline 68}
    diff = mean({res}0{txt}) - mean({res}1{txt})                                      t = {res} -2.7323
{txt}Ho: diff = 0                                     degrees of freedom = {res}     599

    {txt}Ha: diff < 0                 Ha: diff != 0                 Ha: diff > 0
 Pr(T < t) = {res}0.0032         {txt}Pr(|T| > |t|) = {res}0.0065          {txt}Pr(T > t) = {res}0.9968

{com}. ttest peppers, by(fungi)

{txt}Two-sample t test with equal variances
{hline 9}{c TT}{hline 68}
   Group{col 10}{c |}{col 16}Obs{col 27}Mean{col 35}Std. Err.{col 47}Std. Dev.{col 59}[95% Conf. Interval]
{hline 9}{c +}{hline 68}
       0 {c |}{res}{col 12}    467{col 22} 21.19914{col 34} 9.976521{col 46} 215.5944{col 58} 1.594604{col 70} 40.80368
       {txt}1 {c |}{res}{col 12}    134{col 22} 2254.382{col 34} 1359.052{col 46} 15732.17{col 58}-433.7711{col 70} 4942.534
{txt}{hline 9}{c +}{hline 68}
combined {c |}{res}{col 12}    601{col 22} 519.1134{col 34} 304.6077{col 46}  7467.55{col 58} -79.1135{col 70}  1117.34
{txt}{hline 9}{c +}{hline 68}
    diff {c |}{res}{col 22}-2233.183{col 34} 726.7252{col 58}-3660.422{col 70}-805.9435
{txt}{hline 9}{c BT}{hline 68}
    diff = mean({res}0{txt}) - mean({res}1{txt})                                      t = {res} -3.0729
{txt}Ho: diff = 0                                     degrees of freedom = {res}     599

    {txt}Ha: diff < 0                 Ha: diff != 0                 Ha: diff > 0
 Pr(T < t) = {res}0.0011         {txt}Pr(|T| > |t|) = {res}0.0022          {txt}Pr(T > t) = {res}0.9989

{com}. ttest canta, by(fungi)

{txt}Two-sample t test with equal variances
{hline 9}{c TT}{hline 68}
   Group{col 10}{c |}{col 16}Obs{col 27}Mean{col 35}Std. Err.{col 47}Std. Dev.{col 59}[95% Conf. Interval]
{hline 9}{c +}{hline 68}
       0 {c |}{res}{col 12}    467{col 22} 333.4047{col 34} 212.0513{col 46} 4582.468{col 58}-83.29049{col 70} 750.0999
       {txt}1 {c |}{res}{col 12}    134{col 22} 1135.075{col 34} 587.7154{col 46} 6803.297{col 58}-27.40357{col 70} 2297.553
{txt}{hline 9}{c +}{hline 68}
combined {c |}{res}{col 12}    601{col 22} 512.1464{col 34} 210.6979{col 46} 5165.324{col 58} 98.35132{col 70} 925.9415
{txt}{hline 9}{c +}{hline 68}
    diff {c |}{res}{col 22}-801.6699{col 34} 505.5645{col 58}-1794.564{col 70} 191.2244
{txt}{hline 9}{c BT}{hline 68}
    diff = mean({res}0{txt}) - mean({res}1{txt})                                      t = {res} -1.5857
{txt}Ho: diff = 0                                     degrees of freedom = {res}     599

    {txt}Ha: diff < 0                 Ha: diff != 0                 Ha: diff > 0
 Pr(T < t) = {res}0.0567         {txt}Pr(|T| > |t|) = {res}0.1133          {txt}Pr(T > t) = {res}0.9433

{com}. ttest lettuce, by(fungi)

{txt}Two-sample t test with equal variances
{hline 9}{c TT}{hline 68}
   Group{col 10}{c |}{col 16}Obs{col 27}Mean{col 35}Std. Err.{col 47}Std. Dev.{col 59}[95% Conf. Interval]
{hline 9}{c +}{hline 68}
       0 {c |}{res}{col 12}    467{col 22} 298.7152{col 34} 272.5218{col 46} 5889.246{col 58}-236.8086{col 70}  834.239
       {txt}1 {c |}{res}{col 12}    134{col 22} 20.14925{col 34} 14.97313{col 46} 173.3265{col 58}-9.467019{col 70} 49.76553
{txt}{hline 9}{c +}{hline 68}
combined {c |}{res}{col 12}    601{col 22} 236.6057{col 34} 211.7883{col 46} 5192.054{col 58}-179.3308{col 70} 652.5421
{txt}{hline 9}{c +}{hline 68}
    diff {c |}{res}{col 22} 278.5659{col 34}  509.119{col 58}-721.3093{col 70} 1278.441
{txt}{hline 9}{c BT}{hline 68}
    diff = mean({res}0{txt}) - mean({res}1{txt})                                      t = {res}  0.5472
{txt}Ho: diff = 0                                     degrees of freedom = {res}     599

    {txt}Ha: diff < 0                 Ha: diff != 0                 Ha: diff > 0
 Pr(T < t) = {res}0.7078         {txt}Pr(|T| > |t|) = {res}0.5845          {txt}Pr(T > t) = {res}0.2922

{com}. ttest greens, by(neonics)

{txt}Two-sample t test with equal variances
{hline 9}{c TT}{hline 68}
   Group{col 10}{c |}{col 16}Obs{col 27}Mean{col 35}Std. Err.{col 47}Std. Dev.{col 59}[95% Conf. Interval]
{hline 9}{c +}{hline 68}
       0 {c |}{res}{col 12}    569{col 22} 2677.856{col 34} 1670.966{col 46} 39858.76{col 58}-604.1707{col 70} 5959.882
       {txt}1 {c |}{res}{col 12}     32{col 22}  534.375{col 34} 405.8446{col 46} 2295.804{col 58}-293.3506{col 70} 1362.101
{txt}{hline 9}{c +}{hline 68}
combined {c |}{res}{col 12}    601{col 22} 2563.727{col 34} 1582.187{col 46} 38787.79{col 58}-543.5707{col 70} 5671.025
{txt}{hline 9}{c +}{hline 68}
    diff {c |}{res}{col 22} 2143.481{col 34} 7052.286{col 58}-11706.73{col 70} 15993.69
{txt}{hline 9}{c BT}{hline 68}
    diff = mean({res}0{txt}) - mean({res}1{txt})                                      t = {res}  0.3039
{txt}Ho: diff = 0                                     degrees of freedom = {res}     599

    {txt}Ha: diff < 0                 Ha: diff != 0                 Ha: diff > 0
 Pr(T < t) = {res}0.6194         {txt}Pr(|T| > |t|) = {res}0.7613          {txt}Pr(T > t) = {res}0.3806

{com}. ttest onions, by(neonics)

{txt}Two-sample t test with equal variances
{hline 9}{c TT}{hline 68}
   Group{col 10}{c |}{col 16}Obs{col 27}Mean{col 35}Std. Err.{col 47}Std. Dev.{col 59}[95% Conf. Interval]
{hline 9}{c +}{hline 68}
       0 {c |}{res}{col 12}    569{col 22} 2291.916{col 34} 959.1621{col 46} 22879.58{col 58} 407.9782{col 70} 4175.853
       {txt}1 {c |}{res}{col 12}     32{col 22}  365.625{col 34} 264.5602{col 46} 1496.579{col 58}-173.9492{col 70} 905.1992
{txt}{hline 9}{c +}{hline 68}
combined {c |}{res}{col 12}    601{col 22} 2189.351{col 34} 908.3269{col 46} 22267.91{col 58} 405.4645{col 70} 3973.238
{txt}{hline 9}{c +}{hline 68}
    diff {c |}{res}{col 22} 1926.291{col 34} 4048.235{col 58}-6024.168{col 70} 9876.749
{txt}{hline 9}{c BT}{hline 68}
    diff = mean({res}0{txt}) - mean({res}1{txt})                                      t = {res}  0.4758
{txt}Ho: diff = 0                                     degrees of freedom = {res}     599

    {txt}Ha: diff < 0                 Ha: diff != 0                 Ha: diff > 0
 Pr(T < t) = {res}0.6828         {txt}Pr(|T| > |t|) = {res}0.6344          {txt}Pr(T > t) = {res}0.3172

{com}. ttest sweet_p, by(neonics)

{txt}Two-sample t test with equal variances
{hline 9}{c TT}{hline 68}
   Group{col 10}{c |}{col 16}Obs{col 27}Mean{col 35}Std. Err.{col 47}Std. Dev.{col 59}[95% Conf. Interval]
{hline 9}{c +}{hline 68}
       0 {c |}{res}{col 12}    569{col 22} 2229.782{col 34} 1524.137{col 46} 36356.33{col 58}  -763.85{col 70} 5223.414
       {txt}1 {c |}{res}{col 12}     32{col 22} 1321.875{col 34} 1107.432{col 46} 6264.582{col 58}-936.7477{col 70} 3580.498
{txt}{hline 9}{c +}{hline 68}
combined {c |}{res}{col 12}    601{col 22} 2181.441{col 34}  1444.11{col 46} 35402.78{col 58}-654.6831{col 70} 5017.565
{txt}{hline 9}{c +}{hline 68}
    diff {c |}{res}{col 22} 907.9069{col 34} 6437.222{col 58}-11734.36{col 70} 13550.18
{txt}{hline 9}{c BT}{hline 68}
    diff = mean({res}0{txt}) - mean({res}1{txt})                                      t = {res}  0.1410
{txt}Ho: diff = 0                                     degrees of freedom = {res}     599

    {txt}Ha: diff < 0                 Ha: diff != 0                 Ha: diff > 0
 Pr(T < t) = {res}0.5561         {txt}Pr(|T| > |t|) = {res}0.8879          {txt}Pr(T > t) = {res}0.4439

{com}. ttest pista, by(neonics)

{txt}Two-sample t test with equal variances
{hline 9}{c TT}{hline 68}
   Group{col 10}{c |}{col 16}Obs{col 27}Mean{col 35}Std. Err.{col 47}Std. Dev.{col 59}[95% Conf. Interval]
{hline 9}{c +}{hline 68}
       0 {c |}{res}{col 12}    569{col 22}  2170.65{col 34} 1162.639{col 46} 27733.25{col 58}-112.9453{col 70} 4454.246
       {txt}1 {c |}{res}{col 12}     32{col 22} 1954.688{col 34} 1797.573{col 46} 10168.61{col 58}-1711.486{col 70} 5620.861
{txt}{hline 9}{c +}{hline 68}
combined {c |}{res}{col 12}    601{col 22} 2159.151{col 34} 1104.715{col 46} 27082.42{col 58} -10.4269{col 70}  4328.73
{txt}{hline 9}{c +}{hline 68}
    diff {c |}{res}{col 22} 215.9628{col 34} 4924.421{col 58}-9455.266{col 70} 9887.192
{txt}{hline 9}{c BT}{hline 68}
    diff = mean({res}0{txt}) - mean({res}1{txt})                                      t = {res}  0.0439
{txt}Ho: diff = 0                                     degrees of freedom = {res}     599

    {txt}Ha: diff < 0                 Ha: diff != 0                 Ha: diff > 0
 Pr(T < t) = {res}0.5175         {txt}Pr(|T| > |t|) = {res}0.9650          {txt}Pr(T > t) = {res}0.4825

{com}. ttest pears, by(neonics)

{txt}Two-sample t test with equal variances
{hline 9}{c TT}{hline 68}
   Group{col 10}{c |}{col 16}Obs{col 27}Mean{col 35}Std. Err.{col 47}Std. Dev.{col 59}[95% Conf. Interval]
{hline 9}{c +}{hline 68}
       0 {c |}{res}{col 12}    569{col 22} 879.4376{col 34} 603.4566{col 46} 14394.69{col 58}-305.8413{col 70} 2064.717
       {txt}1 {c |}{res}{col 12}     32{col 22} 9984.375{col 34} 9984.375{col 46} 56480.15{col 58}-10378.89{col 70} 30347.64
{txt}{hline 9}{c +}{hline 68}
combined {c |}{res}{col 12}    601{col 22} 1364.226{col 34} 779.4778{col 46} 19109.13{col 58}-166.6101{col 70} 2895.063
{txt}{hline 9}{c +}{hline 68}
    diff {c |}{res}{col 22}-9104.937{col 34} 3454.663{col 58}-15889.66{col 70}-2320.213
{txt}{hline 9}{c BT}{hline 68}
    diff = mean({res}0{txt}) - mean({res}1{txt})                                      t = {res} -2.6356
{txt}Ho: diff = 0                                     degrees of freedom = {res}     599

    {txt}Ha: diff < 0                 Ha: diff != 0                 Ha: diff > 0
 Pr(T < t) = {res}0.0043         {txt}Pr(|T| > |t|) = {res}0.0086          {txt}Pr(T > t) = {res}0.9957

{com}. ttest aspa, by(neonics)

{txt}Two-sample t test with equal variances
{hline 9}{c TT}{hline 68}
   Group{col 10}{c |}{col 16}Obs{col 27}Mean{col 35}Std. Err.{col 47}Std. Dev.{col 59}[95% Conf. Interval]
{hline 9}{c +}{hline 68}
       0 {c |}{res}{col 12}    569{col 22} 1113.531{col 34} 728.5158{col 46} 17377.81{col 58} -317.383{col 70} 2544.445
       {txt}1 {c |}{res}{col 12}     32{col 22}        0{col 34}        0{col 46}        0{col 58}        0{col 70}        0
{txt}{hline 9}{c +}{hline 68}
combined {c |}{res}{col 12}    601{col 22} 1054.241{col 34} 689.7695{col 46} 16909.91{col 58}-300.4147{col 70} 2408.897
{txt}{hline 9}{c +}{hline 68}
    diff {c |}{res}{col 22} 1113.531{col 34} 3074.412{col 58}-4924.405{col 70} 7151.467
{txt}{hline 9}{c BT}{hline 68}
    diff = mean({res}0{txt}) - mean({res}1{txt})                                      t = {res}  0.3622
{txt}Ho: diff = 0                                     degrees of freedom = {res}     599

    {txt}Ha: diff < 0                 Ha: diff != 0                 Ha: diff > 0
 Pr(T < t) = {res}0.6413         {txt}Pr(|T| > |t|) = {res}0.7173          {txt}Pr(T > t) = {res}0.3587

{com}. ttest peppers, by(neonics)

{txt}Two-sample t test with equal variances
{hline 9}{c TT}{hline 68}
   Group{col 10}{c |}{col 16}Obs{col 27}Mean{col 35}Std. Err.{col 47}Std. Dev.{col 59}[95% Conf. Interval]
{hline 9}{c +}{hline 68}
       0 {c |}{res}{col 12}    569{col 22} 523.0002{col 34} 321.1057{col 46} 7659.565{col 58}-107.6992{col 70}   1153.7
       {txt}1 {c |}{res}{col 12}     32{col 22}      450{col 34} 368.1635{col 46} 2082.647{col 58}-300.8744{col 70} 1200.874
{txt}{hline 9}{c +}{hline 68}
combined {c |}{res}{col 12}    601{col 22} 519.1134{col 34} 304.6077{col 46}  7467.55{col 58} -79.1135{col 70}  1117.34
{txt}{hline 9}{c +}{hline 68}
    diff {c |}{res}{col 22} 73.00025{col 34}  1357.83{col 58}-2593.686{col 70} 2739.686
{txt}{hline 9}{c BT}{hline 68}
    diff = mean({res}0{txt}) - mean({res}1{txt})                                      t = {res}  0.0538
{txt}Ho: diff = 0                                     degrees of freedom = {res}     599

    {txt}Ha: diff < 0                 Ha: diff != 0                 Ha: diff > 0
 Pr(T < t) = {res}0.5214         {txt}Pr(|T| > |t|) = {res}0.9571          {txt}Pr(T > t) = {res}0.4786

{com}. ttest canta, by(neonics)

{txt}Two-sample t test with equal variances
{hline 9}{c TT}{hline 68}
   Group{col 10}{c |}{col 16}Obs{col 27}Mean{col 35}Std. Err.{col 47}Std. Dev.{col 59}[95% Conf. Interval]
{hline 9}{c +}{hline 68}
       0 {c |}{res}{col 12}    569{col 22} 521.9684{col 34} 222.1251{col 46} 5298.511{col 58} 85.68145{col 70} 958.2553
       {txt}1 {c |}{res}{col 12}     32{col 22}    337.5{col 34} 248.2905{col 46} 1404.543{col 58}-168.8919{col 70} 843.8919
{txt}{hline 9}{c +}{hline 68}
combined {c |}{res}{col 12}    601{col 22} 512.1464{col 34} 210.6979{col 46} 5165.324{col 58} 98.35132{col 70} 925.9415
{txt}{hline 9}{c +}{hline 68}
    diff {c |}{res}{col 22} 184.4684{col 34} 939.1866{col 58} -1660.03{col 70} 2028.967
{txt}{hline 9}{c BT}{hline 68}
    diff = mean({res}0{txt}) - mean({res}1{txt})                                      t = {res}  0.1964
{txt}Ho: diff = 0                                     degrees of freedom = {res}     599

    {txt}Ha: diff < 0                 Ha: diff != 0                 Ha: diff > 0
 Pr(T < t) = {res}0.5778         {txt}Pr(|T| > |t|) = {res}0.8444          {txt}Pr(T > t) = {res}0.4222

{com}. ttest lettuce, by(neonics)

{txt}Two-sample t test with equal variances
{hline 9}{c TT}{hline 68}
   Group{col 10}{c |}{col 16}Obs{col 27}Mean{col 35}Std. Err.{col 47}Std. Dev.{col 59}[95% Conf. Interval]
{hline 9}{c +}{hline 68}
       0 {c |}{res}{col 12}    569{col 22} 248.3304{col 34}  223.694{col 46} 5335.933{col 58}-191.0379{col 70} 687.6987
       {txt}1 {c |}{res}{col 12}     32{col 22}   28.125{col 34}   28.125{col 46}  159.099{col 58}-29.23632{col 70} 85.48632
{txt}{hline 9}{c +}{hline 68}
combined {c |}{res}{col 12}    601{col 22} 236.6057{col 34} 211.7883{col 46} 5192.054{col 58}-179.3308{col 70} 652.5421
{txt}{hline 9}{c +}{hline 68}
    diff {c |}{res}{col 22} 220.2054{col 34} 944.0344{col 58}-1633.814{col 70} 2074.225
{txt}{hline 9}{c BT}{hline 68}
    diff = mean({res}0{txt}) - mean({res}1{txt})                                      t = {res}  0.2333
{txt}Ho: diff = 0                                     degrees of freedom = {res}     599

    {txt}Ha: diff < 0                 Ha: diff != 0                 Ha: diff > 0
 Pr(T < t) = {res}0.5922         {txt}Pr(|T| > |t|) = {res}0.8156          {txt}Pr(T > t) = {res}0.4078

{com}. save "C:\Users\baylis.UOFI\Dropbox\Guyu\Fungicide\bee data 09-14 v1.12.dta", replace
{txt}file C:\Users\baylis.UOFI\Dropbox\Guyu\Fungicide\bee data 09-14 v1.12.dta saved

{com}. exit, clear
