{smcl}
{com}{sf}{ul off}{txt}{.-}
      name:  {res}<unnamed>
       {txt}log:  {res}\\tsclient\JAI HO4\BIP\PollinationSurvey\PollinatorMultiyearReport5-15-2013.smcl
  {txt}log type:  {res}smcl
 {txt}opened on:  {res}15 May 2013, 13:20:51

{com}. mean FramePrice if year ==2011 [fweight = n_placed11], over(year)
{res}
{txt}Mean estimation{col 37}Number of obs{col 54}= {res} 267049

         {txt}2011: year = {res}2011

{txt}{hline 13}{c TT}{hline 11}{hline 11}{hline 14}{hline 12}
{col 1}        Over{col 14}{c |}       Mean{col 26}   Std. Err.{col 38}     [95% Con{col 51}f. Interval]
{hline 13}{c +}{hline 11}{hline 11}{hline 14}{hline 12}
{res}FramePrice   {txt}{c |}
{space 8}2011 {c |}{col 14}{res}{space 2} 15.22183{col 26}{space 2} .0026416{col 37}{space 5} 15.21665{col 51}{space 3}   15.227
{txt}{hline 13}{c BT}{hline 11}{hline 11}{hline 14}{hline 12}

{com}. mean FramePrice if year ==2012 [fweight = n_placed12], over(year)
{res}
{txt}Mean estimation{col 37}Number of obs{col 54}= {res} 261872

         {txt}2012: year = {res}2012

{txt}{hline 13}{c TT}{hline 11}{hline 11}{hline 14}{hline 12}
{col 1}        Over{col 14}{c |}       Mean{col 26}   Std. Err.{col 38}     [95% Con{col 51}f. Interval]
{hline 13}{c +}{hline 11}{hline 11}{hline 14}{hline 12}
{res}FramePrice   {txt}{c |}
{space 8}2012 {c |}{col 14}{res}{space 2} 14.74287{col 26}{space 2} .0035698{col 37}{space 5} 14.73587{col 51}{space 3} 14.74986
{txt}{hline 13}{c BT}{hline 11}{hline 11}{hline 14}{hline 12}

{com}. mean FramePrice if year ==2013 [fweight = n_placed13], over(year)
{res}
{txt}Mean estimation{col 37}Number of obs{col 54}= {res} 262161

         {txt}2013: year = {res}2013

{txt}{hline 13}{c TT}{hline 11}{hline 11}{hline 14}{hline 12}
{col 1}        Over{col 14}{c |}       Mean{col 26}   Std. Err.{col 38}     [95% Con{col 51}f. Interval]
{hline 13}{c +}{hline 11}{hline 11}{hline 14}{hline 12}
{res}FramePrice   {txt}{c |}
{space 8}2013 {c |}{col 14}{res}{space 2} 17.22248{col 26}{space 2} .0070417{col 37}{space 5} 17.20868{col 51}{space 3} 17.23628
{txt}{hline 13}{c BT}{hline 11}{hline 11}{hline 14}{hline 12}

{com}. mean grade if year ==2011 [fweight = n_placed11], over(year)
{res}
{txt}Mean estimation{col 37}Number of obs{col 54}= {res} 267049

         {txt}2011: year = {res}2011

{txt}{hline 13}{c TT}{hline 11}{hline 11}{hline 14}{hline 12}
{col 1}        Over{col 14}{c |}       Mean{col 26}   Std. Err.{col 38}     [95% Con{col 51}f. Interval]
{hline 13}{c +}{hline 11}{hline 11}{hline 14}{hline 12}
{res}grade        {txt}{c |}
{space 8}2011 {c |}{col 14}{res}{space 2} 10.09117{col 26}{space 2} .0016695{col 37}{space 5} 10.08789{col 51}{space 3} 10.09444
{txt}{hline 13}{c BT}{hline 11}{hline 11}{hline 14}{hline 12}

{com}. mean grade if year ==2012 [fweight = n_placed12], over(year)
{res}
{txt}Mean estimation{col 37}Number of obs{col 54}= {res} 261872

         {txt}2012: year = {res}2012

{txt}{hline 13}{c TT}{hline 11}{hline 11}{hline 14}{hline 12}
{col 1}        Over{col 14}{c |}       Mean{col 26}   Std. Err.{col 38}     [95% Con{col 51}f. Interval]
{hline 13}{c +}{hline 11}{hline 11}{hline 14}{hline 12}
{res}grade        {txt}{c |}
{space 8}2012 {c |}{col 14}{res}{space 2} 10.60651{col 26}{space 2} .0026063{col 37}{space 5}  10.6014{col 51}{space 3} 10.61162
{txt}{hline 13}{c BT}{hline 11}{hline 11}{hline 14}{hline 12}

{com}. mean grade if year ==2013 [fweight = n_placed13], over(year)
{res}
{txt}Mean estimation{col 37}Number of obs{col 54}= {res} 262161

         {txt}2013: year = {res}2013

{txt}{hline 13}{c TT}{hline 11}{hline 11}{hline 14}{hline 12}
{col 1}        Over{col 14}{c |}       Mean{col 26}   Std. Err.{col 38}     [95% Con{col 51}f. Interval]
{hline 13}{c +}{hline 11}{hline 11}{hline 14}{hline 12}
{res}grade        {txt}{c |}
{space 8}2013 {c |}{col 14}{res}{space 2} 9.260474{col 26}{space 2} .0029411{col 37}{space 5} 9.254709{col 51}{space 3} 9.266238
{txt}{hline 13}{c BT}{hline 11}{hline 11}{hline 14}{hline 12}

{com}. total n_short if year==2011
{res}
{txt}Total estimation{col 37}Number of obs{col 54}= {res}     13

{txt}{hline 13}{c TT}{hline 11}{hline 11}{hline 14}{hline 12}
{col 14}{c |}      Total{col 26}   Std. Err.{col 38}     [95% Con{col 51}f. Interval]
{hline 13}{c +}{hline 11}{hline 11}{hline 14}{hline 12}
{space 5}n_short {c |}{col 14}{res}{space 2}    24647{col 26}{space 2} 14592.82{col 37}{space 5}-7148.015{col 51}{space 3} 56442.02
{txt}{hline 13}{c BT}{hline 11}{hline 11}{hline 14}{hline 12}

{com}. total n_short if year==2012
{res}
{txt}Total estimation{col 37}Number of obs{col 54}= {res}     13

{txt}{hline 13}{c TT}{hline 11}{hline 11}{hline 14}{hline 12}
{col 14}{c |}      Total{col 26}   Std. Err.{col 38}     [95% Con{col 51}f. Interval]
{hline 13}{c +}{hline 11}{hline 11}{hline 14}{hline 12}
{space 5}n_short {c |}{col 14}{res}{space 2}     6360{col 26}{space 2} 2176.833{col 37}{space 5} 1617.089{col 51}{space 3} 11102.91
{txt}{hline 13}{c BT}{hline 11}{hline 11}{hline 14}{hline 12}

{com}. total n_short if year==2013
{res}
{txt}Total estimation{col 37}Number of obs{col 54}= {res}     13

{txt}{hline 13}{c TT}{hline 11}{hline 11}{hline 14}{hline 12}
{col 14}{c |}      Total{col 26}   Std. Err.{col 38}     [95% Con{col 51}f. Interval]
{hline 13}{c +}{hline 11}{hline 11}{hline 14}{hline 12}
{space 5}n_short {c |}{col 14}{res}{space 2}    30997{col 26}{space 2} 13087.76{col 37}{space 5} 2481.223{col 51}{space 3} 59512.78
{txt}{hline 13}{c BT}{hline 11}{hline 11}{hline 14}{hline 12}

{com}. gen PerShort2011= n_short/ n_placed11 if year==2011
{txt}(26 missing values generated)

{com}. gen PerShort2012= n_short/ n_placed11 if year==2012
{txt}(26 missing values generated)

{com}. drop PerShort2012

. gen PerShort2012= n_short/ n_placed12 if year==2012
{txt}(26 missing values generated)

{com}. gen PerShort2013= n_short/ n_placed13 if year==2013
{txt}(26 missing values generated)

{com}. save "\\tsclient\JAI HO4\BIP\PollinationSurvey\pollinatorsurvey2011_2013_observeall3years.dta", replace
{txt}file \\tsclient\JAI HO4\BIP\PollinationSurvey\pollinatorsurvey2011_2013_observeall3years.dta saved

{com}. mean PerShort2011
{res}
{txt}Mean estimation{col 37}Number of obs{col 54}= {res}     13

{txt}{hline 13}{c TT}{hline 11}{hline 11}{hline 14}{hline 12}
{col 14}{c |}       Mean{col 26}   Std. Err.{col 38}     [95% Con{col 51}f. Interval]
{hline 13}{c +}{hline 11}{hline 11}{hline 14}{hline 12}
PerShort2011 {c |}{col 14}{res}{space 2} .1105566{col 26}{space 2} .0354522{col 37}{space 5} .0333129{col 51}{space 3} .1878004
{txt}{hline 13}{c BT}{hline 11}{hline 11}{hline 14}{hline 12}

{com}. mean PerShort2012
{res}
{txt}Mean estimation{col 37}Number of obs{col 54}= {res}     13

{txt}{hline 13}{c TT}{hline 11}{hline 11}{hline 14}{hline 12}
{col 14}{c |}       Mean{col 26}   Std. Err.{col 38}     [95% Con{col 51}f. Interval]
{hline 13}{c +}{hline 11}{hline 11}{hline 14}{hline 12}
PerShort2012 {c |}{col 14}{res}{space 2} .0508354{col 26}{space 2} .0180801{col 37}{space 5} .0114422{col 51}{space 3} .0902286
{txt}{hline 13}{c BT}{hline 11}{hline 11}{hline 14}{hline 12}

{com}. mean PerShort2013
{res}
{txt}Mean estimation{col 37}Number of obs{col 54}= {res}     13

{txt}{hline 13}{c TT}{hline 11}{hline 11}{hline 14}{hline 12}
{col 14}{c |}       Mean{col 26}   Std. Err.{col 38}     [95% Con{col 51}f. Interval]
{hline 13}{c +}{hline 11}{hline 11}{hline 14}{hline 12}
PerShort2013 {c |}{col 14}{res}{space 2} .2709829{col 26}{space 2} .1316717{col 37}{space 5}-.0159051{col 51}{space 3}  .557871
{txt}{hline 13}{c BT}{hline 11}{hline 11}{hline 14}{hline 12}

{com}. total difficulty if year==2011
{res}
{txt}Total estimation{col 37}Number of obs{col 54}= {res}     13

{txt}{hline 13}{c TT}{hline 11}{hline 11}{hline 14}{hline 12}
{col 14}{c |}      Total{col 26}   Std. Err.{col 38}     [95% Con{col 51}f. Interval]
{hline 13}{c +}{hline 11}{hline 11}{hline 14}{hline 12}
{space 2}difficulty {c |}{col 14}{res}{space 2}       39{col 26}{space 2} 10.71603{col 37}{space 5} 15.65177{col 51}{space 3} 62.34823
{txt}{hline 13}{c BT}{hline 11}{hline 11}{hline 14}{hline 12}

{com}. total difficulty if year==2012
{res}
{txt}Total estimation{col 37}Number of obs{col 54}= {res}     12

{txt}{hline 13}{c TT}{hline 11}{hline 11}{hline 14}{hline 12}
{col 14}{c |}      Total{col 26}   Std. Err.{col 38}     [95% Con{col 51}f. Interval]
{hline 13}{c +}{hline 11}{hline 11}{hline 14}{hline 12}
{space 2}difficulty {c |}{col 14}{res}{space 2}       18{col 26}{space 2} 7.885545{col 37}{space 5} .6440327{col 51}{space 3} 35.35597
{txt}{hline 13}{c BT}{hline 11}{hline 11}{hline 14}{hline 12}

{com}. total difficulty if year==2013
{res}
{txt}Total estimation{col 37}Number of obs{col 54}= {res}     13

{txt}{hline 13}{c TT}{hline 11}{hline 11}{hline 14}{hline 12}
{col 14}{c |}      Total{col 26}   Std. Err.{col 38}     [95% Con{col 51}f. Interval]
{hline 13}{c +}{hline 11}{hline 11}{hline 14}{hline 12}
{space 2}difficulty {c |}{col 14}{res}{space 2}       75{col 26}{space 2} 17.67295{col 37}{space 5} 36.49394{col 51}{space 3} 113.5061
{txt}{hline 13}{c BT}{hline 11}{hline 11}{hline 14}{hline 12}

{com}. mean add100 if year ==2011
{res}
{txt}Mean estimation{col 37}Number of obs{col 54}= {res}     13

{txt}{hline 13}{c TT}{hline 11}{hline 11}{hline 14}{hline 12}
{col 14}{c |}       Mean{col 26}   Std. Err.{col 38}     [95% Con{col 51}f. Interval]
{hline 13}{c +}{hline 11}{hline 11}{hline 14}{hline 12}
{space 6}add100 {c |}{col 14}{res}{space 2} .9230769{col 26}{space 2} .0769231{col 37}{space 5} .7554759{col 51}{space 3} 1.090678
{txt}{hline 13}{c BT}{hline 11}{hline 11}{hline 14}{hline 12}

{com}. mean add100 if year ==2012
{res}
{txt}Mean estimation{col 37}Number of obs{col 54}= {res}     13

{txt}{hline 13}{c TT}{hline 11}{hline 11}{hline 14}{hline 12}
{col 14}{c |}       Mean{col 26}   Std. Err.{col 38}     [95% Con{col 51}f. Interval]
{hline 13}{c +}{hline 11}{hline 11}{hline 14}{hline 12}
{space 6}add100 {c |}{col 14}{res}{space 2} .9230769{col 26}{space 2} .0769231{col 37}{space 5} .7554759{col 51}{space 3} 1.090678
{txt}{hline 13}{c BT}{hline 11}{hline 11}{hline 14}{hline 12}

{com}. mean add100 if year ==2013
{res}
{txt}Mean estimation{col 37}Number of obs{col 54}= {res}     13

{txt}{hline 13}{c TT}{hline 11}{hline 11}{hline 14}{hline 12}
{col 14}{c |}       Mean{col 26}   Std. Err.{col 38}     [95% Con{col 51}f. Interval]
{hline 13}{c +}{hline 11}{hline 11}{hline 14}{hline 12}
{space 6}add100 {c |}{col 14}{res}{space 2} .3076923{col 26}{space 2} .1332347{col 37}{space 5} .0173989{col 51}{space 3} .5979857
{txt}{hline 13}{c BT}{hline 11}{hline 11}{hline 14}{hline 12}

{com}. total  if year==2011
{err}varlist:  broker:  string variable not allowed
{txt}{search r(109):r(109);}

{com}. total unlimited if year==2011
{res}
{txt}Total estimation{col 37}Number of obs{col 54}= {res}     13

{txt}{hline 13}{c TT}{hline 11}{hline 11}{hline 14}{hline 12}
{col 14}{c |}      Total{col 26}   Std. Err.{col 38}     [95% Con{col 51}f. Interval]
{hline 13}{c +}{hline 11}{hline 11}{hline 14}{hline 12}
{space 3}unlimited {c |}{col 14}{res}{space 2}   285749{col 26}{space 2} 85550.65{col 37}{space 5} 99350.14{col 51}{space 3} 472147.9
{txt}{hline 13}{c BT}{hline 11}{hline 11}{hline 14}{hline 12}

{com}. total unlimited if year==2012
{res}
{txt}Total estimation{col 37}Number of obs{col 54}= {res}     11

{txt}{hline 13}{c TT}{hline 11}{hline 11}{hline 14}{hline 12}
{col 14}{c |}      Total{col 26}   Std. Err.{col 38}     [95% Con{col 51}f. Interval]
{hline 13}{c +}{hline 11}{hline 11}{hline 14}{hline 12}
{space 3}unlimited {c |}{col 14}{res}{space 2}   208200{col 26}{space 2} 48538.01{col 37}{space 5} 100050.6{col 51}{space 3} 316349.4
{txt}{hline 13}{c BT}{hline 11}{hline 11}{hline 14}{hline 12}

{com}. total unlimited if year==2013
{res}
{txt}Total estimation{col 37}Number of obs{col 54}= {res}     13

{txt}{hline 13}{c TT}{hline 11}{hline 11}{hline 14}{hline 12}
{col 14}{c |}      Total{col 26}   Std. Err.{col 38}     [95% Con{col 51}f. Interval]
{hline 13}{c +}{hline 11}{hline 11}{hline 14}{hline 12}
{space 3}unlimited {c |}{col 14}{res}{space 2}   376239{col 26}{space 2} 84320.69{col 37}{space 5}   192520{col 51}{space 3}   559958
{txt}{hline 13}{c BT}{hline 11}{hline 11}{hline 14}{hline 12}

{com}. gen unlimitedtest2012= unlimited-
{err}invalid syntax
{txt}{search r(198):r(198);}

{com}. gen unlimitedtest2012= unlimited- n_placed12
{txt}(15 missing values generated)

{com}. summarize unlimitedtest2012 if year==2012

{txt}    Variable {c |}       Obs        Mean    Std. Dev.       Min        Max
{hline 13}{c +}{hline 56}
unlimit~2012 {c |}{res}        11    4363.636    12002.27          0      40000

{com}. mean avg_col_acre if year==2011 [fweight = n_placed11]
{res}
{txt}Mean estimation{col 37}Number of obs{col 54}= {res} 267049

{txt}{hline 13}{c TT}{hline 11}{hline 11}{hline 14}{hline 12}
{col 14}{c |}       Mean{col 26}   Std. Err.{col 38}     [95% Con{col 51}f. Interval]
{hline 13}{c +}{hline 11}{hline 11}{hline 14}{hline 12}
avg_col_acre {c |}{col 14}{res}{space 2} 2.004379{col 26}{space 2} .0003674{col 37}{space 5} 2.003659{col 51}{space 3} 2.005099
{txt}{hline 13}{c BT}{hline 11}{hline 11}{hline 14}{hline 12}

{com}. sum avg_col_acre if year==2011 [fweight = n_placed11]

{txt}    Variable {c |}       Obs        Mean    Std. Dev.       Min        Max
{hline 13}{c +}{hline 56}
avg_col_acre {c |}{res}    267049    2.004379    .1898416        1.6       2.25

{com}. sum avg_col_acre if year==2012 [fweight = n_placed12]

{txt}    Variable {c |}       Obs        Mean    Std. Dev.       Min        Max
{hline 13}{c +}{hline 56}
avg_col_acre {c |}{res}    261872    2.059991     .262585       1.33        2.5

{com}. sum avg_col_acre if year==2013 [fweight = n_placed13]

{txt}    Variable {c |}       Obs        Mean    Std. Dev.       Min        Max
{hline 13}{c +}{hline 56}
avg_col_acre {c |}{res}    262161    1.913489    .2294022        1.6        2.3

{com}. save "\\tsclient\JAI HO4\BIP\PollinationSurvey\pollinatorsurvey2011_2013_observeall3years.dta", replace
{txt}file \\tsclient\JAI HO4\BIP\PollinationSurvey\pollinatorsurvey2011_2013_observeall3years.dta saved

{com}. log off
      {txt}name:  {res}<unnamed>
       {txt}log:  {res}\\tsclient\JAI HO4\BIP\PollinationSurvey\PollinatorMultiyearReport5-15-2013.smcl
  {txt}log type:  {res}smcl
 {txt}paused on:  {res}15 May 2013, 15:18:23
{txt}{.-}
{smcl}
{txt}{sf}{ul off}